[  1%] Building C object ggml/src/CMakeFiles/ggml-base.dir/ggml.c.o
[  2%] Building CXX object ggml/src/CMakeFiles/ggml-base.dir/ggml.cpp.o
[  2%] Building CXX object ggml/src/CMakeFiles/ggml-base.dir/ggml-backend.cpp.o
[  4%] Building C object ggml/src/CMakeFiles/ggml-base.dir/ggml-alloc.c.o
[  5%] Building CXX object ggml/src/CMakeFiles/ggml-base.dir/ggml-backend-meta.cpp.o
[  7%] Building CXX object ggml/src/CMakeFiles/ggml-base.dir/ggml-opt.cpp.o
[  8%] Building CXX object ggml/src/CMakeFiles/ggml-base.dir/ggml-threading.cpp.o
[  9%] Building C object ggml/src/CMakeFiles/ggml-base.dir/ggml-quants.c.o
[  9%] Building CXX object ggml/src/CMakeFiles/ggml-base.dir/gguf.cpp.o
[ 11%] Linking CXX shared library ../../bin/libggml-base.dylib
[ 11%] Built target ggml-base
[ 12%] Generate embedded Metal library for wkv
[ 14%] Generate embedded Metal library for argsort
[ 14%] Building C object ggml/src/CMakeFiles/ggml-cpu.dir/ggml-cpu/ggml-cpu.c.o
[ 15%] Building CXX object ggml/src/ggml-blas/CMakeFiles/ggml-blas.dir/ggml-blas.cpp.o
[ 15%] Generate embedded Metal library for binbcast
[ 16%] Building CXX object ggml/src/CMakeFiles/ggml-cpu.dir/ggml-cpu/ggml-cpu.cpp.o
[ 18%] Generate embedded Metal library for conv
[ 19%] Generate embedded Metal library for fa
[ 19%] Generate embedded Metal library for gated_delta_net
[ 21%] Generate embedded Metal library for misc
[ 22%] Generate embedded Metal library for mul_mm
[ 23%] Generate embedded Metal library for mul_mv
[ 25%] Generate embedded Metal library for norm
[ 26%] Building CXX object ggml/src/CMakeFiles/ggml-cpu.dir/ggml-cpu/repack.cpp.o
[ 28%] Generate embedded Metal library for pool
[ 28%] Generate embedded Metal library for quantize
[ 29%] Generate embedded Metal library for reduce
[ 30%] Generate embedded Metal library for rope
[ 32%] Building CXX object ggml/src/CMakeFiles/ggml-cpu.dir/ggml-cpu/iqp.cpp.o
[ 33%] Generate embedded Metal library for softmax
[ 35%] Generate embedded Metal library for solve_tri
[ 36%] Linking CXX shared library ../../../bin/libggml-blas.dylib
[ 38%] Generate embedded Metal library for ssm
[ 38%] Built target ggml-blas
[ 39%] Generate embedded Metal library for tri
[ 40%] Generate embedded Metal library for unary
[ 40%] Generate embedded Metal library for upscale
[ 42%] Building CXX object ggml/src/CMakeFiles/ggml-cpu.dir/ggml-cpu/hbm.cpp.o
[ 42%] Building C object ggml/src/CMakeFiles/ggml-cpu.dir/ggml-cpu/quants.c.o
[ 43%] Building CXX object ggml/src/ggml-metal/CMakeFiles/ggml-metal.dir/ggml-metal.cpp.o
[ 45%] Building CXX object ggml/src/CMakeFiles/ggml-cpu.dir/ggml-cpu/traits.cpp.o
[ 45%] Building C object ggml/src/ggml-metal/CMakeFiles/ggml-metal.dir/ggml-metal-device.m.o
[ 46%] Building CXX object ggml/src/ggml-metal/CMakeFiles/ggml-metal.dir/ggml-metal-device.cpp.o
[ 47%] Building CXX object ggml/src/ggml-metal/CMakeFiles/ggml-metal.dir/ggml-metal-common.cpp.o
[ 49%] Building CXX object ggml/src/CMakeFiles/ggml-cpu.dir/ggml-cpu/amx/amx.cpp.o
[ 50%] Building C object ggml/src/ggml-metal/CMakeFiles/ggml-metal.dir/ggml-metal-context.m.o
[ 52%] Building CXX object ggml/src/ggml-metal/CMakeFiles/ggml-metal.dir/ggml-metal-fusion.cpp.o
[ 53%] Building CXX object ggml/src/CMakeFiles/ggml-cpu.dir/ggml-cpu/amx/mmq.cpp.o
[ 54%] Building CXX object ggml/src/CMakeFiles/ggml-cpu.dir/ggml-cpu/binary-ops.cpp.o
[ 54%] Building CXX object ggml/src/CMakeFiles/ggml-cpu.dir/ggml-cpu/unary-ops.cpp.o
[ 56%] Building CXX object ggml/src/CMakeFiles/ggml-cpu.dir/ggml-cpu/vec.cpp.o
[ 56%] Building CXX object ggml/src/ggml-metal/CMakeFiles/ggml-metal.dir/ggml-metal-ops.cpp.o
[ 57%] Building CXX object ggml/src/ggml-metal/CMakeFiles/ggml-metal.dir/ggml-metal-tuning.cpp.o
[ 59%] Building CXX object ggml/src/CMakeFiles/ggml-cpu.dir/ggml-cpu/ops.cpp.o
[ 60%] Building ASM object ggml/src/ggml-metal/CMakeFiles/ggml-metal.dir/autogenerated/ggml-metal-embed-fa.s.o
[ 61%] Building C object ggml/src/CMakeFiles/ggml-cpu.dir/ggml-cpu/arch/arm/quants.c.o
[ 63%] Building ASM object ggml/src/ggml-metal/CMakeFiles/ggml-metal.dir/autogenerated/ggml-metal-embed-mul_mv.s.o
[ 63%] Building ASM object ggml/src/ggml-metal/CMakeFiles/ggml-metal.dir/autogenerated/ggml-metal-embed-mul_mm.s.o
[ 63%] Building CXX object ggml/src/CMakeFiles/ggml-cpu.dir/ggml-cpu/arch/arm/repack.cpp.o
[ 64%] Building ASM object ggml/src/ggml-metal/CMakeFiles/ggml-metal.dir/autogenerated/ggml-metal-embed-quantize.s.o
[ 66%] Building ASM object ggml/src/ggml-metal/CMakeFiles/ggml-metal.dir/autogenerated/ggml-metal-embed-softmax.s.o
[ 67%] Building ASM object ggml/src/ggml-metal/CMakeFiles/ggml-metal.dir/autogenerated/ggml-metal-embed-norm.s.o
[ 69%] Building ASM object ggml/src/ggml-metal/CMakeFiles/ggml-metal.dir/autogenerated/ggml-metal-embed-unary.s.o
[ 69%] Building ASM object ggml/src/ggml-metal/CMakeFiles/ggml-metal.dir/autogenerated/ggml-metal-embed-binbcast.s.o
[ 70%] Building ASM object ggml/src/ggml-metal/CMakeFiles/ggml-metal.dir/autogenerated/ggml-metal-embed-reduce.s.o
[ 71%] Building ASM object ggml/src/ggml-metal/CMakeFiles/ggml-metal.dir/autogenerated/ggml-metal-embed-tri.s.o
[ 73%] Building ASM object ggml/src/ggml-metal/CMakeFiles/ggml-metal.dir/autogenerated/ggml-metal-embed-ssm.s.o
[ 73%] Building ASM object ggml/src/ggml-metal/CMakeFiles/ggml-metal.dir/autogenerated/ggml-metal-embed-wkv.s.o
[ 74%] Building ASM object ggml/src/ggml-metal/CMakeFiles/ggml-metal.dir/autogenerated/ggml-metal-embed-gated_delta_net.s.o
[ 76%] Building ASM object ggml/src/ggml-metal/CMakeFiles/ggml-metal.dir/autogenerated/ggml-metal-embed-solve_tri.s.o
[ 77%] Building ASM object ggml/src/ggml-metal/CMakeFiles/ggml-metal.dir/autogenerated/ggml-metal-embed-rope.s.o
[ 78%] Building ASM object ggml/src/ggml-metal/CMakeFiles/ggml-metal.dir/autogenerated/ggml-metal-embed-conv.s.o
[ 78%] Building ASM object ggml/src/ggml-metal/CMakeFiles/ggml-metal.dir/autogenerated/ggml-metal-embed-upscale.s.o
[ 80%] Building ASM object ggml/src/ggml-metal/CMakeFiles/ggml-metal.dir/autogenerated/ggml-metal-embed-argsort.s.o
[ 81%] Building ASM object ggml/src/ggml-metal/CMakeFiles/ggml-metal.dir/autogenerated/ggml-metal-embed-pool.s.o
[ 83%] Building ASM object ggml/src/ggml-metal/CMakeFiles/ggml-metal.dir/autogenerated/ggml-metal-embed-misc.s.o
[ 83%] Linking CXX shared library ../../../bin/libggml-metal.dylib
[ 83%] Built target ggml-metal
[ 84%] Linking CXX shared library ../../bin/libggml-cpu.dylib
[ 84%] Built target ggml-cpu
[ 85%] Building CXX object ggml/src/CMakeFiles/ggml.dir/ggml-backend-dl.cpp.o
[ 87%] Building CXX object ggml/src/CMakeFiles/ggml.dir/ggml-backend-reg.cpp.o
[ 87%] Linking CXX shared library ../../bin/libggml.dylib
[ 87%] Built target ggml
[ 88%] Building CXX object src/CMakeFiles/whisper.dir/whisper.cpp.o
[ 90%] Building CXX object src/CMakeFiles/whisper.dir/aneforge/whisper-aneforge.cpp.o
[ 91%] Linking CXX shared library ../bin/libwhisper.dylib
[ 91%] Built target whisper
[ 92%] Building CXX object examples/CMakeFiles/common.dir/common.cpp.o
[ 94%] Building CXX object examples/CMakeFiles/common.dir/common-ggml.cpp.o
[ 95%] Building CXX object examples/CMakeFiles/common.dir/grammar-parser.cpp.o
[ 95%] Building CXX object examples/CMakeFiles/common.dir/common-whisper.cpp.o
In file included from /Users/yeren/Desktop/whisper/vendor/whisper.cpp/examples/common-whisper.cpp:247:
/Users/yeren/Desktop/whisper/vendor/whisper.cpp/examples/stb_vorbis.c:1404:75: warning: pointer comparison always evaluates to false [-Wtautological-compare]
 1404 |       if (f->stream_start + loc >= f->stream_end || f->stream_start + loc < f->stream_start) {
      |                                                                           ^
1 warning generated.
[ 97%] Linking CXX static library libcommon.a
[ 97%] Built target common
[ 98%] Building CXX object examples/cli/CMakeFiles/whisper-cli.dir/cli.cpp.o
[100%] Linking CXX executable ../../bin/whisper-cli
[100%] Built target whisper-cli
[ 12%] Built target ggml-base
[ 15%] Built target ggml-blas
[ 72%] Built target ggml-metal
[ 90%] Built target ggml-cpu
[ 93%] Built target ggml
[ 98%] Built target whisper
[ 98%] Building CXX object examples/bench/CMakeFiles/whisper-bench.dir/bench.cpp.o
[100%] Linking CXX executable ../../bin/whisper-bench
[100%] Built target whisper-bench
