[  2%] Building C object ggml/src/CMakeFiles/ggml-base.dir/ggml.c.o
[  2%] Building C object src/CMakeFiles/whisper.coreml.dir/coreml/whisper-compat.m.o
/Users/yeren/ane/whisper/vendor/whisper.cpp/src/coreml/whisper-compat.m:8:1: warning: category is implementing a method which will also be implemented by its primary class [-Wobjc-protocol-method-implementation]
    8 | - (void) predictionFromFeatures:(id<MLFeatureProvider>) input
      | ^
/Applications/Xcode.app/Contents/Developer/Platforms/MacOSX.platform/Developer/SDKs/MacOSX.sdk/System/Library/Frameworks/CoreML.framework/Headers/MLModel.h:87:1: note: method 'predictionFromFeatures:completionHandler:' declared here
   87 | - (void)predictionFromFeatures:(id<MLFeatureProvider>)input
      | ^
/Users/yeren/ane/whisper/vendor/whisper.cpp/src/coreml/whisper-compat.m:20:1: warning: category is implementing a method which will also be implemented by its primary class [-Wobjc-protocol-method-implementation]
   20 | - (void) predictionFromFeatures:(id<MLFeatureProvider>) input
      | ^
/Applications/Xcode.app/Contents/Developer/Platforms/MacOSX.platform/Developer/SDKs/MacOSX.sdk/System/Library/Frameworks/CoreML.framework/Headers/MLModel.h:98:1: note: method 'predictionFromFeatures:options:completionHandler:' declared here
   98 | - (void)predictionFromFeatures:(id<MLFeatureProvider>)input
      | ^
2 warnings generated.
[  4%] Building CXX object src/CMakeFiles/whisper.coreml.dir/coreml/whisper-encoder.mm.o
[  5%] Building CXX object ggml/src/CMakeFiles/ggml-base.dir/ggml.cpp.o
[  6%] Building C object src/CMakeFiles/whisper.coreml.dir/coreml/whisper-encoder-impl.m.o
[  8%] Linking CXX shared library ../bin/libwhisper.coreml.dylib
[  8%] Building C object ggml/src/CMakeFiles/ggml-base.dir/ggml-alloc.c.o
[  8%] Built target whisper.coreml
[  9%] Building CXX object ggml/src/CMakeFiles/ggml-base.dir/ggml-backend.cpp.o
[ 11%] Building CXX object ggml/src/CMakeFiles/ggml-base.dir/ggml-backend-meta.cpp.o
[ 12%] Building CXX object ggml/src/CMakeFiles/ggml-base.dir/ggml-opt.cpp.o
[ 12%] Building CXX object ggml/src/CMakeFiles/ggml-base.dir/ggml-threading.cpp.o
[ 13%] Building C object ggml/src/CMakeFiles/ggml-base.dir/ggml-quants.c.o
[ 15%] Building CXX object ggml/src/CMakeFiles/ggml-base.dir/gguf.cpp.o
[ 16%] Linking CXX shared library ../../bin/libggml-base.dylib
[ 16%] Built target ggml-base
[ 16%] Generate embedded Metal library for wkv
[ 18%] Building C object ggml/src/CMakeFiles/ggml-cpu.dir/ggml-cpu/ggml-cpu.c.o
[ 19%] Generate embedded Metal library for argsort
[ 19%] Generate embedded Metal library for binbcast
[ 19%] Generate embedded Metal library for conv
[ 20%] Generate embedded Metal library for fa
[ 22%] Generate embedded Metal library for gated_delta_net
[ 22%] Generate embedded Metal library for misc
[ 23%] Generate embedded Metal library for mul_mm
[ 25%] Generate embedded Metal library for mul_mv
[ 26%] Generate embedded Metal library for norm
[ 27%] Generate embedded Metal library for pool
[ 27%] Generate embedded Metal library for quantize
[ 29%] Generate embedded Metal library for reduce
[ 30%] Building CXX object ggml/src/CMakeFiles/ggml-cpu.dir/ggml-cpu/ggml-cpu.cpp.o
[ 31%] Generate embedded Metal library for rope
[ 33%] Generate embedded Metal library for softmax
[ 34%] Generate embedded Metal library for solve_tri
[ 36%] Generate embedded Metal library for ssm
[ 37%] Generate embedded Metal library for tri
[ 38%] Generate embedded Metal library for unary
[ 40%] Generate embedded Metal library for upscale
[ 40%] Building CXX object ggml/src/CMakeFiles/ggml-cpu.dir/ggml-cpu/repack.cpp.o
[ 41%] Building CXX object ggml/src/ggml-metal/CMakeFiles/ggml-metal.dir/ggml-metal.cpp.o
[ 43%] Building C object ggml/src/ggml-metal/CMakeFiles/ggml-metal.dir/ggml-metal-device.m.o
[ 44%] Building CXX object ggml/src/ggml-metal/CMakeFiles/ggml-metal.dir/ggml-metal-device.cpp.o
[ 44%] Building CXX object ggml/src/ggml-metal/CMakeFiles/ggml-metal.dir/ggml-metal-common.cpp.o
[ 45%] Building C object ggml/src/ggml-metal/CMakeFiles/ggml-metal.dir/ggml-metal-context.m.o
[ 47%] Building CXX object ggml/src/CMakeFiles/ggml-cpu.dir/ggml-cpu/iqp.cpp.o
[ 48%] Building CXX object ggml/src/ggml-metal/CMakeFiles/ggml-metal.dir/ggml-metal-fusion.cpp.o
[ 50%] Building CXX object ggml/src/CMakeFiles/ggml-cpu.dir/ggml-cpu/hbm.cpp.o
[ 51%] Building C object ggml/src/CMakeFiles/ggml-cpu.dir/ggml-cpu/quants.c.o
[ 52%] Building CXX object ggml/src/ggml-metal/CMakeFiles/ggml-metal.dir/ggml-metal-ops.cpp.o
[ 52%] Building CXX object ggml/src/CMakeFiles/ggml-cpu.dir/ggml-cpu/traits.cpp.o
[ 54%] Building CXX object ggml/src/ggml-metal/CMakeFiles/ggml-metal.dir/ggml-metal-tuning.cpp.o
[ 55%] Building CXX object ggml/src/CMakeFiles/ggml-cpu.dir/ggml-cpu/amx/amx.cpp.o
[ 55%] Building ASM object ggml/src/ggml-metal/CMakeFiles/ggml-metal.dir/autogenerated/ggml-metal-embed-fa.s.o
[ 56%] Building ASM object ggml/src/ggml-metal/CMakeFiles/ggml-metal.dir/autogenerated/ggml-metal-embed-mul_mv.s.o
[ 58%] Building ASM object ggml/src/ggml-metal/CMakeFiles/ggml-metal.dir/autogenerated/ggml-metal-embed-mul_mm.s.o
[ 59%] Building ASM object ggml/src/ggml-metal/CMakeFiles/ggml-metal.dir/autogenerated/ggml-metal-embed-quantize.s.o
[ 59%] Building ASM object ggml/src/ggml-metal/CMakeFiles/ggml-metal.dir/autogenerated/ggml-metal-embed-softmax.s.o
[ 61%] Building ASM object ggml/src/ggml-metal/CMakeFiles/ggml-metal.dir/autogenerated/ggml-metal-embed-norm.s.o
[ 62%] Building ASM object ggml/src/ggml-metal/CMakeFiles/ggml-metal.dir/autogenerated/ggml-metal-embed-unary.s.o
[ 63%] Building ASM object ggml/src/ggml-metal/CMakeFiles/ggml-metal.dir/autogenerated/ggml-metal-embed-binbcast.s.o
[ 63%] Building ASM object ggml/src/ggml-metal/CMakeFiles/ggml-metal.dir/autogenerated/ggml-metal-embed-reduce.s.o
[ 65%] Building CXX object ggml/src/CMakeFiles/ggml-cpu.dir/ggml-cpu/amx/mmq.cpp.o
[ 66%] Building ASM object ggml/src/ggml-metal/CMakeFiles/ggml-metal.dir/autogenerated/ggml-metal-embed-tri.s.o
[ 68%] Building ASM object ggml/src/ggml-metal/CMakeFiles/ggml-metal.dir/autogenerated/ggml-metal-embed-ssm.s.o
[ 69%] Building ASM object ggml/src/ggml-metal/CMakeFiles/ggml-metal.dir/autogenerated/ggml-metal-embed-wkv.s.o
[ 69%] Building ASM object ggml/src/ggml-metal/CMakeFiles/ggml-metal.dir/autogenerated/ggml-metal-embed-gated_delta_net.s.o
[ 70%] Building ASM object ggml/src/ggml-metal/CMakeFiles/ggml-metal.dir/autogenerated/ggml-metal-embed-solve_tri.s.o
[ 72%] Building ASM object ggml/src/ggml-metal/CMakeFiles/ggml-metal.dir/autogenerated/ggml-metal-embed-rope.s.o
[ 73%] Building ASM object ggml/src/ggml-metal/CMakeFiles/ggml-metal.dir/autogenerated/ggml-metal-embed-conv.s.o
[ 73%] Building ASM object ggml/src/ggml-metal/CMakeFiles/ggml-metal.dir/autogenerated/ggml-metal-embed-upscale.s.o
[ 75%] Building ASM object ggml/src/ggml-metal/CMakeFiles/ggml-metal.dir/autogenerated/ggml-metal-embed-argsort.s.o
[ 76%] Building ASM object ggml/src/ggml-metal/CMakeFiles/ggml-metal.dir/autogenerated/ggml-metal-embed-pool.s.o
[ 77%] Building CXX object ggml/src/CMakeFiles/ggml-cpu.dir/ggml-cpu/binary-ops.cpp.o
[ 79%] Building ASM object ggml/src/ggml-metal/CMakeFiles/ggml-metal.dir/autogenerated/ggml-metal-embed-misc.s.o
[ 79%] Linking CXX shared library ../../../bin/libggml-metal.dylib
[ 79%] Built target ggml-metal
[ 79%] Building CXX object ggml/src/ggml-blas/CMakeFiles/ggml-blas.dir/ggml-blas.cpp.o
[ 80%] Linking CXX shared library ../../../bin/libggml-blas.dylib
[ 80%] Built target ggml-blas
[ 81%] Building CXX object ggml/src/CMakeFiles/ggml-cpu.dir/ggml-cpu/unary-ops.cpp.o
[ 81%] Building CXX object ggml/src/CMakeFiles/ggml-cpu.dir/ggml-cpu/vec.cpp.o
[ 83%] Building CXX object ggml/src/CMakeFiles/ggml-cpu.dir/ggml-cpu/ops.cpp.o
[ 84%] Building C object ggml/src/CMakeFiles/ggml-cpu.dir/ggml-cpu/arch/arm/quants.c.o
[ 86%] Building CXX object ggml/src/CMakeFiles/ggml-cpu.dir/ggml-cpu/arch/arm/repack.cpp.o
[ 86%] Linking CXX shared library ../../bin/libggml-cpu.dylib
[ 86%] Built target ggml-cpu
[ 86%] Building CXX object ggml/src/CMakeFiles/ggml.dir/ggml-backend-reg.cpp.o
[ 87%] Building CXX object ggml/src/CMakeFiles/ggml.dir/ggml-backend-dl.cpp.o
[ 88%] Linking CXX shared library ../../bin/libggml.dylib
[ 88%] Built target ggml
[ 88%] Building CXX object src/CMakeFiles/whisper.dir/whisper.cpp.o
[ 90%] Building CXX object src/CMakeFiles/whisper.dir/aneforge/whisper-aneforge.cpp.o
[ 91%] Linking CXX shared library ../bin/libwhisper.dylib
[ 91%] Built target whisper
[ 94%] Building CXX object examples/CMakeFiles/common.dir/common.cpp.o
[ 94%] Building CXX object examples/CMakeFiles/common.dir/common-ggml.cpp.o
[ 94%] Building CXX object examples/CMakeFiles/common.dir/common-whisper.cpp.o
In file included from /Users/yeren/ane/whisper/vendor/whisper.cpp/examples/common-whisper.cpp:247:
/Users/yeren/ane/whisper/vendor/whisper.cpp/examples/stb_vorbis.c:1404:75: warning: pointer comparison always evaluates to false [-Wtautological-compare]
 1404 |       if (f->stream_start + loc >= f->stream_end || f->stream_start + loc < f->stream_start) {
      |                                                                           ^
[ 95%] Building CXX object examples/CMakeFiles/common.dir/grammar-parser.cpp.o
1 warning generated.
[ 97%] Linking CXX static library libcommon.a
[ 97%] Built target common
[ 98%] Building CXX object examples/cli/CMakeFiles/whisper-cli.dir/cli.cpp.o
[100%] Linking CXX executable ../../bin/whisper-cli
[100%] Built target whisper-cli
