aneforge: building libane_e5rt_dispatch.dylib (one-time, ~1s)...
aneforge: built /Users/yeren/Desktop/ANEForge/aneforge/_lib/libane_e5rt_dispatch.dylib
compiled aneforge: layernorm_32_768_forward (2.35s)
compiled aneforge: linear_32_768_768_forward (0.13s)
compiled aneforge: attention_qk_forward (0.08s)
compiled aneforge: softmax_12_32_forward (0.17s)
compiled aneforge: attention_av_forward (0.08s)
compiled aneforge: add_32_768 (0.04s)
compiled aneforge: linear_32_768_3072_forward (0.05s)
compiled aneforge: gelu_32_3072_forward (0.15s)
compiled aneforge: linear_32_3072_768_forward (0.05s)
compiled aneforge: layernorm_32_768_backward_dx (0.08s)
compiled aneforge: layernorm_32_768_backward_dgamma (0.06s)
compiled aneforge: layernorm_32_768_backward_dbeta (0.05s)
compiled aneforge: linear_32_3072_768_backward_dx (0.04s)
compiled aneforge: linear_32_3072_768_backward_dw (0.09s)
compiled aneforge: linear_32_3072_768_backward_db (0.03s)
compiled aneforge: gelu_32_3072_backward (0.12s)
compiled aneforge: linear_32_768_3072_backward_dx (0.04s)
compiled aneforge: linear_32_768_3072_backward_dw (0.06s)
compiled aneforge: linear_32_768_3072_backward_db (0.03s)
compiled aneforge: linear_32_768_768_backward_dx (0.04s)
compiled aneforge: linear_32_768_768_backward_dw (0.05s)
compiled aneforge: linear_32_768_768_backward_db (0.03s)
compiled aneforge: attention_av_backward_da (0.07s)
compiled aneforge: attention_av_backward_db (0.06s)
compiled aneforge: softmax_12_32_backward (0.04s)
compiled aneforge: attention_qk_backward_da (0.08s)
compiled aneforge: attention_qk_backward_db (0.06s)
Initial loss: 4.42789030; setup 4.81s, compiler 4.15s
aneforge step  1: loss=4.427890, 1583.7 ms, ANE=133.3 ms
aneforge step  2: loss=2.391852, 1363.8 ms, ANE=150.9 ms
aneforge step  3: loss=1.013964, 1374.8 ms, ANE=156.4 ms
aneforge step  4: loss=0.339210, 1189.4 ms, ANE=155.5 ms
aneforge step  5: loss=0.053213, 1408.1 ms, ANE=150.3 ms
aneforge step  6: loss=0.004465, 1233.9 ms, ANE=163.9 ms
aneforge step  7: loss=0.000421, 1221.7 ms, ANE=152.2 ms
aneforge step  8: loss=0.000443, 950.2 ms, ANE=148.0 ms
aneforge step  9: loss=0.000340, 1422.4 ms, ANE=157.2 ms
aneforge step 10: loss=0.000267, 1120.7 ms, ANE=150.6 ms
Final loss after 10 updates: 0.00021682
