compiled aneforge: layernorm_32_768_forward (0.10s)
compiled aneforge: linear_32_768_768_forward (0.04s)
compiled aneforge: attention_qk_forward (0.08s)
compiled aneforge: softmax_12_32_forward (0.09s)
compiled aneforge: attention_av_forward (0.07s)
compiled aneforge: add_32_768 (0.03s)
compiled aneforge: linear_32_768_3072_forward (0.04s)
compiled aneforge: gelu_32_3072_forward (0.09s)
compiled aneforge: linear_32_3072_768_forward (0.04s)
compiled aneforge: layernorm_32_768_backward_dx (0.07s)
compiled aneforge: layernorm_32_768_backward_dgamma (0.06s)
compiled aneforge: layernorm_32_768_backward_dbeta (0.03s)
compiled aneforge: linear_32_3072_768_backward_dx (0.04s)
compiled aneforge: linear_32_3072_768_backward_dw (0.09s)
compiled aneforge: linear_32_3072_768_backward_db (0.03s)
compiled aneforge: gelu_32_3072_backward (0.17s)
compiled aneforge: linear_32_768_3072_backward_dx (0.04s)
compiled aneforge: linear_32_768_3072_backward_dw (0.05s)
compiled aneforge: linear_32_768_3072_backward_db (0.03s)
compiled aneforge: linear_32_768_768_backward_dx (0.04s)
compiled aneforge: linear_32_768_768_backward_dw (0.05s)
compiled aneforge: linear_32_768_768_backward_db (0.03s)
compiled aneforge: attention_av_backward_da (0.07s)
compiled aneforge: attention_av_backward_db (0.07s)
compiled aneforge: softmax_12_32_backward (0.04s)
compiled aneforge: attention_qk_backward_da (0.08s)
compiled aneforge: attention_qk_backward_db (0.07s)
aneforge: loss 4.42789030; 27 kernel fixtures
compiled orion: layernorm_32_768_forward (0.04s)
compiled orion: linear_32_768_768_forward (0.03s)
compiled orion: attention_qk_forward (0.06s)
compiled orion: softmax_12_32_forward (0.08s)
compiled orion: attention_av_forward (0.06s)
compiled orion: add_32_768 (0.03s)
compiled orion: linear_32_768_3072_forward (0.07s)
compiled orion: gelu_32_3072_forward (0.07s)
compiled orion: linear_32_3072_768_forward (0.03s)
compiled orion: layernorm_32_768_backward_dx (0.05s)
compiled orion: layernorm_32_768_backward_dgamma (0.04s)
compiled orion: layernorm_32_768_backward_dbeta (0.02s)
compiled orion: linear_32_3072_768_backward_dx (0.02s)
compiled orion: linear_32_3072_768_backward_dw (0.08s)
compiled orion: linear_32_3072_768_backward_db (0.02s)
compiled orion: gelu_32_3072_backward (0.09s)
compiled orion: linear_32_768_3072_backward_dx (0.03s)
compiled orion: linear_32_768_3072_backward_dw (0.03s)
compiled orion: linear_32_768_3072_backward_db (0.02s)
compiled orion: linear_32_768_768_backward_dx (0.03s)
compiled orion: linear_32_768_768_backward_dw (0.03s)
compiled orion: linear_32_768_768_backward_db (0.02s)
compiled orion: attention_av_backward_da (0.06s)
compiled orion: attention_av_backward_db (0.05s)
compiled orion: softmax_12_32_backward (0.03s)
compiled orion: attention_qk_backward_da (0.07s)
compiled orion: attention_qk_backward_db (0.05s)
orion: loss 4.42789030; 27 kernel fixtures
