aneforge/layernorm_32_768_forward: 8 tasks, 65536 bytes
aneforge/linear_32_768_768_forward: 4 tasks, 65536 bytes
aneforge/attention_qk_forward: 24 tasks, 65536 bytes
aneforge/softmax_12_32_forward: 7 tasks, 81920 bytes
aneforge/attention_av_forward: 24 tasks, 65536 bytes
aneforge/add_32_768: 1 tasks, 65536 bytes
aneforge/linear_32_768_3072_forward: 4 tasks, 65536 bytes
aneforge/gelu_32_3072_forward: 6 tasks, 65536 bytes
aneforge/linear_32_3072_768_forward: 4 tasks, 65536 bytes
aneforge/layernorm_32_768_backward_dx: 12 tasks, 65536 bytes
aneforge/layernorm_32_768_backward_dgamma: 7 tasks, 65536 bytes
aneforge/layernorm_32_768_backward_dbeta: 2 tasks, 49152 bytes
aneforge/linear_32_3072_768_backward_dx: 3 tasks, 65536 bytes
aneforge/linear_32_3072_768_backward_dw: 25 tasks, 81920 bytes
aneforge/linear_32_3072_768_backward_db: 2 tasks, 49152 bytes
aneforge/gelu_32_3072_backward: 13 tasks, 81920 bytes
aneforge/linear_32_768_3072_backward_dx: 3 tasks, 65536 bytes
aneforge/linear_32_768_3072_backward_dw: 7 tasks, 65536 bytes
aneforge/linear_32_768_3072_backward_db: 2 tasks, 49152 bytes
aneforge/linear_32_768_768_backward_dx: 3 tasks, 65536 bytes
aneforge/linear_32_768_768_backward_dw: 7 tasks, 65536 bytes
aneforge/linear_32_768_768_backward_db: 2 tasks, 49152 bytes
aneforge/attention_av_backward_da: 25 tasks, 65536 bytes
aneforge/attention_av_backward_db: 13 tasks, 65536 bytes
aneforge/softmax_12_32_backward: 3 tasks, 65536 bytes
aneforge/attention_qk_backward_da: 25 tasks, 65536 bytes
aneforge/attention_qk_backward_db: 13 tasks, 65536 bytes
orion/layernorm_32_768_forward: 8 tasks, 65536 bytes
orion/linear_32_768_768_forward: 4 tasks, 65536 bytes
orion/attention_qk_forward: 24 tasks, 65536 bytes
orion/softmax_12_32_forward: 7 tasks, 81920 bytes
orion/attention_av_forward: 24 tasks, 65536 bytes
orion/add_32_768: 1 tasks, 65536 bytes
orion/linear_32_768_3072_forward: 4 tasks, 65536 bytes
orion/gelu_32_3072_forward: 6 tasks, 65536 bytes
orion/linear_32_3072_768_forward: 4 tasks, 65536 bytes
orion/layernorm_32_768_backward_dx: 12 tasks, 65536 bytes
orion/layernorm_32_768_backward_dgamma: 7 tasks, 65536 bytes
orion/layernorm_32_768_backward_dbeta: 2 tasks, 49152 bytes
orion/linear_32_3072_768_backward_dx: 3 tasks, 65536 bytes
orion/linear_32_3072_768_backward_dw: 25 tasks, 81920 bytes
orion/linear_32_3072_768_backward_db: 2 tasks, 49152 bytes
orion/gelu_32_3072_backward: 13 tasks, 81920 bytes
orion/linear_32_768_3072_backward_dx: 3 tasks, 65536 bytes
orion/linear_32_768_3072_backward_dw: 7 tasks, 65536 bytes
orion/linear_32_768_3072_backward_db: 2 tasks, 49152 bytes
orion/linear_32_768_768_backward_dx: 3 tasks, 65536 bytes
orion/linear_32_768_768_backward_dw: 7 tasks, 65536 bytes
orion/linear_32_768_768_backward_db: 2 tasks, 49152 bytes
orion/attention_av_backward_da: 25 tasks, 65536 bytes
orion/attention_av_backward_db: 13 tasks, 65536 bytes
orion/softmax_12_32_backward: 3 tasks, 65536 bytes
orion/attention_qk_backward_da: 25 tasks, 65536 bytes
orion/attention_qk_backward_db: 13 tasks, 65536 bytes
