
 And so my fellow Americans ask not what your country can do for you, ask what you can do for your country.
whisper_init_from_file_with_params_no_state: loading model from '/Users/yeren/Desktop/whisper/models/ggml-tiny.en.bin'
whisper_init_with_params_no_state: use gpu    = 0
whisper_init_with_params_no_state: flash attn = 1
whisper_init_with_params_no_state: gpu_device = 0
whisper_init_with_params_no_state: dtw        = 0
ggml_metal_device_init: tensor API disabled for pre-M5 and pre-A19 devices
ggml_metal_library_init: using embedded metal library
ggml_metal_library_compile_all: compiled 'fa' library in 0.035 sec
ggml_metal_library_compile_all: compiled 'mul_mv' library in 0.009 sec
ggml_metal_library_compile_all: compiled 'mul_mm' library in 0.006 sec
ggml_metal_library_compile_all: compiled 'quantize' library in 0.004 sec
ggml_metal_library_compile_all: compiled 'softmax' library in 0.002 sec
ggml_metal_library_compile_all: compiled 'norm' library in 0.002 sec
ggml_metal_library_compile_all: compiled 'unary' library in 0.035 sec
ggml_metal_library_compile_all: compiled 'binbcast' library in 0.035 sec
ggml_metal_library_compile_all: compiled 'reduce' library in 0.034 sec
ggml_metal_library_compile_all: compiled 'tri' library in 0.003 sec
ggml_metal_library_compile_all: compiled 'ssm' library in 0.008 sec
ggml_metal_library_compile_all: compiled 'wkv' library in 0.003 sec
ggml_metal_library_compile_all: compiled 'gated_delta_net' library in 0.034 sec
ggml_metal_library_compile_all: compiled 'solve_tri' library in 0.002 sec
ggml_metal_library_compile_all: compiled 'rope' library in 0.008 sec
ggml_metal_library_compile_all: compiled 'conv' library in 0.005 sec
ggml_metal_library_compile_all: compiled 'upscale' library in 0.005 sec
ggml_metal_library_compile_all: compiled 'argsort' library in 0.007 sec
ggml_metal_library_compile_all: compiled 'pool' library in 0.007 sec
ggml_metal_library_compile_all: compiled 'misc' library in 0.001 sec
ggml_metal_library_compile_all: loaded 20 libraries from embedded data in 0.036 sec (max single = 0.035 sec)
ggml_metal_rsets_init: creating a residency set collection (keep_alive = 180 s)
ggml_metal_device_init: GPU name:   MTL0 (Apple M1)
ggml_metal_device_init: GPU family: MTLGPUFamilyApple7  (1007)
ggml_metal_device_init: GPU family: MTLGPUFamilyMetal4  (5002)
ggml_metal_device_init: simdgroup reduction   = true
ggml_metal_device_init: simdgroup matrix mul. = true
ggml_metal_device_init: has unified memory    = true
ggml_metal_device_init: has bfloat            = true
ggml_metal_device_init: has tensor            = false
ggml_metal_device_init: use residency sets    = true
ggml_metal_device_init: use shared buffers    = true
ggml_metal_device_init: recommendedMaxWorkingSetSize  =  5726.63 MB
whisper_init_with_params_no_state: devices    = 3
whisper_init_with_params_no_state: backends   = 3
whisper_model_load: loading model
whisper_model_load: n_vocab       = 51864
whisper_model_load: n_audio_ctx   = 1500
whisper_model_load: n_audio_state = 384
whisper_model_load: n_audio_head  = 6
whisper_model_load: n_audio_layer = 4
whisper_model_load: n_text_ctx    = 448
whisper_model_load: n_text_state  = 384
whisper_model_load: n_text_head   = 6
whisper_model_load: n_text_layer  = 4
whisper_model_load: n_mels        = 80
whisper_model_load: ftype         = 1
whisper_model_load: qntvr         = 0
whisper_model_load: type          = 1 (tiny)
whisper_model_load: adding 1607 extra tokens
whisper_model_load: n_langs       = 99
whisper_model_load:          CPU total size =    77.11 MB
whisper_model_load: model size    =   77.11 MB
whisper_backend_init_gpu: no GPU found
whisper_backend_init: using BLAS backend
whisper_init_state: kv self size  =    3.15 MB
whisper_init_state: kv cross size =    9.44 MB
whisper_init_state: kv pad  size  =    2.36 MB
whisper_init_state: compute buffer (conv)   =   13.21 MB
whisper_init_state: compute buffer (encode) =   17.72 MB
whisper_init_state: compute buffer (cross)  =    3.89 MB
whisper_init_state: compute buffer (decode) =   95.91 MB
read_audio_data: reading audio data from '/Users/yeren/Desktop/whisper/vendor/whisper.cpp/samples/jfk.wav' ...
read_audio_data: trying to decode with miniaudio

system_info: n_threads = 4 / 8 | WHISPER : VITISAI = 0 | COREML = 0 | OPENVINO = 0 | MTL : EMBED_LIBRARY = 1 | CPU : NEON = 1 | ARM_FMA = 1 | FP16_VA = 1 | DOTPROD = 1 | ACCELERATE = 1 | REPACK = 1 | 

main: processing '/Users/yeren/Desktop/whisper/vendor/whisper.cpp/samples/jfk.wav' (176000 samples, 11.0 sec), 4 threads, 1 processors, 1 beams + best of 1, lang = en, task = transcribe, timestamps = 0 ...

output_txt: saving output to '/Users/yeren/Desktop/whisper/results/whispercpp-macos-verified/cpu-3.txt'

whisper_print_timings:     load time =   127.68 ms
whisper_print_timings:     fallbacks =   0 p /   0 h
whisper_print_timings:      mel time =    15.49 ms
whisper_print_timings:   sample time =    28.90 ms /     1 runs (    28.90 ms per run)
whisper_print_timings:   encode time =   685.37 ms /     1 runs (   685.37 ms per run)
whisper_print_timings:   decode time =   287.81 ms /    24 runs (    11.99 ms per run)
whisper_print_timings:   batchd time =    18.41 ms /     2 runs (     9.21 ms per run)
whisper_print_timings:   prompt time =     0.00 ms /     1 runs (     0.00 ms per run)
whisper_print_timings:    total time =  1172.51 ms
