Building the shared 64-step CPU token trace...
Prewarming CPU...
Prewarming ANE...
ANE I/O: fp16, decode seq 32, weights packed
ANE prefill: 2 tokens → bucket 32
ANE prefill: 25 new compiles (25 programs cached, 27 compiles total)
Measured trial 1/5: CPU, 64 steps...
Measured trial 1/5: ANE, 64 steps...
ANE prefill: 2 tokens → bucket 32
ANE prefill: 0 new compiles (49 programs cached, 51 compiles total)
Measured trial 2/5: ANE, 64 steps...
ANE prefill: 2 tokens → bucket 32
ANE prefill: 0 new compiles (49 programs cached, 51 compiles total)
Measured trial 2/5: CPU, 64 steps...
Measured trial 3/5: CPU, 64 steps...
Measured trial 3/5: ANE, 64 steps...
ANE prefill: 2 tokens → bucket 32
ANE prefill: 0 new compiles (49 programs cached, 51 compiles total)
Measured trial 4/5: ANE, 64 steps...
ANE prefill: 2 tokens → bucket 32
ANE prefill: 0 new compiles (49 programs cached, 51 compiles total)
Measured trial 4/5: CPU, 64 steps...
Measured trial 5/5: CPU, 64 steps...
Measured trial 5/5: ANE, 64 steps...
ANE prefill: 2 tokens → bucket 32
ANE prefill: 0 new compiles (49 programs cached, 51 compiles total)
cpu: 69.82 decode steps/s, p50 14.13 ms, mean 14.32 ms
ane: 61.41 decode steps/s, p50 16.21 ms, mean 16.28 ms
