BENCH_RESULT	warmup	1	400.203383	 And so my fellow Americans ask not what your country can do for you, ask what you can do for your country.
BENCH_RESULT	warmup	2	394.377408	 And so my fellow Americans ask not what your country can do for you, ask what you can do for your country.
BENCH_RESULT	measure	1	402.165416	 And so my fellow Americans ask not what your country can do for you, ask what you can do for your country.
BENCH_RESULT	measure	2	401.697043	 And so my fellow Americans ask not what your country can do for you, ask what you can do for your country.
BENCH_RESULT	measure	3	406.118108	 And so my fellow Americans ask not what your country can do for you, ask what you can do for your country.
BENCH_RESULT	measure	4	412.296290	 And so my fellow Americans ask not what your country can do for you, ask what you can do for your country.
BENCH_RESULT	measure	5	412.928079	 And so my fellow Americans ask not what your country can do for you, ask what you can do for your country.

whisper_init_from_file_with_params_no_state: loading model from '/home/asahi/ane/whisper/models/hf-ggml/ggml-model.bin'
whisper_init_with_params_no_state: use gpu    = 0
whisper_init_with_params_no_state: flash attn = 1
whisper_init_with_params_no_state: gpu_device = 0
whisper_init_with_params_no_state: dtw        = 0
whisper_init_with_params_no_state: devices    = 1
whisper_init_with_params_no_state: backends   = 1
whisper_model_load: loading model
whisper_model_load: n_vocab       = 51864
whisper_model_load: n_audio_ctx   = 1500
whisper_model_load: n_audio_state = 384
whisper_model_load: n_audio_head  = 6
whisper_model_load: n_audio_layer = 4
whisper_model_load: n_text_ctx    = 448
whisper_model_load: n_text_state  = 384
whisper_model_load: n_text_head   = 6
whisper_model_load: n_text_layer  = 4
whisper_model_load: n_mels        = 80
whisper_model_load: ftype         = 1
whisper_model_load: qntvr         = 0
whisper_model_load: type          = 1 (tiny)
whisper_model_load: adding 1607 extra tokens
whisper_model_load: n_langs       = 99
whisper_model_load:          CPU total size =    77.11 MB
whisper_model_load: model size    =   77.11 MB
whisper_backend_init_gpu: no GPU found
whisper_init_state: kv self size  =    6.29 MB
whisper_init_state: kv cross size =   18.87 MB
whisper_init_state: kv pad  size  =    4.72 MB
whisper_init_state: compute buffer (conv)   =   13.21 MB
whisper_init_state: compute buffer (encode) =   17.72 MB
whisper_init_state: compute buffer (cross)  =    3.89 MB
whisper_init_state: compute buffer (decode) =   95.91 MB
BENCH_BEGIN	warmup	1

whisper_print_timings:     load time =    41.84 ms
whisper_print_timings:     fallbacks =   0 p /   0 h
whisper_print_timings:      mel time =     4.84 ms
whisper_print_timings:   sample time =    10.93 ms /     1 runs (    10.93 ms per run)
whisper_print_timings:   encode time =   286.71 ms /     1 runs (   286.71 ms per run)
whisper_print_timings:   decode time =    92.48 ms /    24 runs (     3.85 ms per run)
whisper_print_timings:   batchd time =     4.62 ms /     2 runs (     2.31 ms per run)
whisper_print_timings:   prompt time =     0.00 ms /     1 runs (     0.00 ms per run)
whisper_print_timings:    total time =   400.21 ms
BENCH_END	warmup	1
BENCH_BEGIN	warmup	2

whisper_print_timings:     load time =    41.84 ms
whisper_print_timings:     fallbacks =   0 p /   0 h
whisper_print_timings:      mel time =     4.30 ms
whisper_print_timings:   sample time =    10.82 ms /     1 runs (    10.82 ms per run)
whisper_print_timings:   encode time =   283.66 ms /     1 runs (   283.66 ms per run)
whisper_print_timings:   decode time =    90.35 ms /    24 runs (     3.76 ms per run)
whisper_print_timings:   batchd time =     4.69 ms /     2 runs (     2.34 ms per run)
whisper_print_timings:   prompt time =     0.00 ms /     1 runs (     0.00 ms per run)
whisper_print_timings:    total time =   394.38 ms
BENCH_END	warmup	2
BENCH_BEGIN	measure	1

whisper_print_timings:     load time =    41.84 ms
whisper_print_timings:     fallbacks =   0 p /   0 h
whisper_print_timings:      mel time =     4.63 ms
whisper_print_timings:   sample time =    10.86 ms /     1 runs (    10.86 ms per run)
whisper_print_timings:   encode time =   290.85 ms /     1 runs (   290.85 ms per run)
whisper_print_timings:   decode time =    90.43 ms /    24 runs (     3.77 ms per run)
whisper_print_timings:   batchd time =     4.82 ms /     2 runs (     2.41 ms per run)
whisper_print_timings:   prompt time =     0.00 ms /     1 runs (     0.00 ms per run)
whisper_print_timings:    total time =   402.17 ms
BENCH_END	measure	1
BENCH_BEGIN	measure	2

whisper_print_timings:     load time =    41.84 ms
whisper_print_timings:     fallbacks =   0 p /   0 h
whisper_print_timings:      mel time =     4.33 ms
whisper_print_timings:   sample time =    10.85 ms /     1 runs (    10.85 ms per run)
whisper_print_timings:   encode time =   290.79 ms /     1 runs (   290.79 ms per run)
whisper_print_timings:   decode time =    90.57 ms /    24 runs (     3.77 ms per run)
whisper_print_timings:   batchd time =     4.52 ms /     2 runs (     2.26 ms per run)
whisper_print_timings:   prompt time =     0.00 ms /     1 runs (     0.00 ms per run)
whisper_print_timings:    total time =   401.70 ms
BENCH_END	measure	2
BENCH_BEGIN	measure	3

whisper_print_timings:     load time =    41.84 ms
whisper_print_timings:     fallbacks =   0 p /   0 h
whisper_print_timings:      mel time =     4.39 ms
whisper_print_timings:   sample time =    10.79 ms /     1 runs (    10.79 ms per run)
whisper_print_timings:   encode time =   287.92 ms /     1 runs (   287.92 ms per run)
whisper_print_timings:   decode time =    97.57 ms /    24 runs (     4.07 ms per run)
whisper_print_timings:   batchd time =     4.87 ms /     2 runs (     2.44 ms per run)
whisper_print_timings:   prompt time =     0.00 ms /     1 runs (     0.00 ms per run)
whisper_print_timings:    total time =   406.12 ms
BENCH_END	measure	3
BENCH_BEGIN	measure	4

whisper_print_timings:     load time =    41.84 ms
whisper_print_timings:     fallbacks =   0 p /   0 h
whisper_print_timings:      mel time =     4.27 ms
whisper_print_timings:   sample time =    11.09 ms /     1 runs (    11.09 ms per run)
whisper_print_timings:   encode time =   298.89 ms /     1 runs (   298.89 ms per run)
whisper_print_timings:   decode time =    92.46 ms /    24 runs (     3.85 ms per run)
whisper_print_timings:   batchd time =     5.01 ms /     2 runs (     2.51 ms per run)
whisper_print_timings:   prompt time =     0.00 ms /     1 runs (     0.00 ms per run)
whisper_print_timings:    total time =   412.30 ms
BENCH_END	measure	4
BENCH_BEGIN	measure	5

whisper_print_timings:     load time =    41.84 ms
whisper_print_timings:     fallbacks =   0 p /   0 h
whisper_print_timings:      mel time =     4.22 ms
whisper_print_timings:   sample time =    10.80 ms /     1 runs (    10.80 ms per run)
whisper_print_timings:   encode time =   302.60 ms /     1 runs (   302.60 ms per run)
whisper_print_timings:   decode time =    90.36 ms /    24 runs (     3.77 ms per run)
whisper_print_timings:   batchd time =     4.39 ms /     2 runs (     2.20 ms per run)
whisper_print_timings:   prompt time =     0.00 ms /     1 runs (     0.00 ms per run)
whisper_print_timings:    total time =   412.93 ms
BENCH_END	measure	5
