whisper_init_from_file_with_params_no_state: loading model from 'whisper/models/hf-ggml/ggml-model.bin'
whisper_init_with_params_no_state: use gpu    = 0
whisper_init_with_params_no_state: flash attn = 1
whisper_init_with_params_no_state: gpu_device = 0
whisper_init_with_params_no_state: dtw        = 0
whisper_init_with_params_no_state: devices    = 1
whisper_init_with_params_no_state: backends   = 1
whisper_model_load: loading model
whisper_model_load: n_vocab       = 51864
whisper_model_load: n_audio_ctx   = 1500
whisper_model_load: n_audio_state = 384
whisper_model_load: n_audio_head  = 6
whisper_model_load: n_audio_layer = 4
whisper_model_load: n_text_ctx    = 448
whisper_model_load: n_text_state  = 384
whisper_model_load: n_text_head   = 6
whisper_model_load: n_text_layer  = 4
whisper_model_load: n_mels        = 80
whisper_model_load: ftype         = 1
whisper_model_load: qntvr         = 0
whisper_model_load: type          = 1 (tiny)
whisper_model_load: adding 1607 extra tokens
whisper_model_load: n_langs       = 99
whisper_model_load:          CPU total size =    77.11 MB
whisper_model_load: model size    =   77.11 MB
whisper_backend_init_gpu: no GPU found
whisper_init_state: kv self size  =    6.29 MB
whisper_init_state: kv cross size =   18.87 MB
whisper_init_state: kv pad  size  =    4.72 MB
whisper_init_state: compute buffer (conv)   =   13.21 MB
ASAHI_ANE ready: encoder dense projections; CPU conv/attention/decoder
whisper_init_state: compute buffer (encode) =   17.72 MB
whisper_init_state: compute buffer (cross)  =    3.89 MB
whisper_init_state: compute buffer (decode) =   95.91 MB
BENCH_BEGIN	warmup	1
ASAHI_PROFILE stage: convolution=19.711 ms
ASAHI_PROFILE stage: transformer=303.443 ms
ASAHI_ANE encoder: projections=24 submissions=1128 plans=24 replicas=1
ASAHI_PROFILE projections: plan=21.643 scale=8.667 run=145.335 restore=4.559 ms
ASAHI_PROFILE device: pack=3.805 write=6.437 ioctl=43.912 read=87.082 unpack=3.806 ms read_workers=4
ASAHI_PROFILE stage: cross_kv=28.086 ms

whisper_print_timings:     load time =    37.17 ms
whisper_print_timings:     fallbacks =   0 p /   0 h
whisper_print_timings:      mel time =     5.53 ms
whisper_print_timings:   sample time =    13.51 ms /     1 runs (    13.51 ms per run)
whisper_print_timings:   encode time =   351.57 ms /     1 runs (   351.57 ms per run)
whisper_print_timings:   decode time =    89.31 ms /    24 runs (     3.72 ms per run)
whisper_print_timings:   batchd time =     4.62 ms /     2 runs (     2.31 ms per run)
whisper_print_timings:   prompt time =     0.00 ms /     1 runs (     0.00 ms per run)
whisper_print_timings:    total time =   465.23 ms
BENCH_END	warmup	1
BENCH_RESULT	warmup	1	465.230734	 And so my fellow Americans ask not what your country can do for you, ask what you can do for your country.
BENCH_BEGIN	measure	1
ASAHI_PROFILE stage: convolution=19.137 ms
ASAHI_PROFILE stage: transformer=278.754 ms
ASAHI_ANE encoder: projections=24 submissions=1128 plans=24 replicas=1
ASAHI_PROFILE projections: plan=0.010 scale=8.645 run=143.266 restore=3.810 ms
ASAHI_PROFILE device: pack=3.813 write=6.437 ioctl=43.794 read=85.179 unpack=3.756 ms read_workers=4
ASAHI_PROFILE stage: cross_kv=28.035 ms

whisper_print_timings:     load time =    37.17 ms
whisper_print_timings:     fallbacks =   0 p /   0 h
whisper_print_timings:      mel time =     5.37 ms
whisper_print_timings:   sample time =    13.47 ms /     1 runs (    13.47 ms per run)
whisper_print_timings:   encode time =   326.14 ms /     1 runs (   326.14 ms per run)
whisper_print_timings:   decode time =    87.63 ms /    24 runs (     3.65 ms per run)
whisper_print_timings:   batchd time =     4.62 ms /     2 runs (     2.31 ms per run)
whisper_print_timings:   prompt time =     0.00 ms /     1 runs (     0.00 ms per run)
whisper_print_timings:    total time =   437.88 ms
BENCH_END	measure	1
BENCH_RESULT	measure	1	437.883231	 And so my fellow Americans ask not what your country can do for you, ask what you can do for your country.
BENCH_BEGIN	measure	2
ASAHI_PROFILE stage: convolution=21.709 ms
ASAHI_PROFILE stage: transformer=285.070 ms
ASAHI_ANE encoder: projections=24 submissions=1128 plans=24 replicas=1
ASAHI_PROFILE projections: plan=0.010 scale=8.671 run=145.184 restore=3.798 ms
ASAHI_PROFILE device: pack=3.776 write=6.489 ioctl=44.090 read=86.744 unpack=3.753 ms read_workers=4
ASAHI_PROFILE stage: cross_kv=29.485 ms

whisper_print_timings:     load time =    37.17 ms
whisper_print_timings:     fallbacks =   0 p /   0 h
whisper_print_timings:      mel time =     5.18 ms
whisper_print_timings:   sample time =    13.49 ms /     1 runs (    13.49 ms per run)
whisper_print_timings:   encode time =   336.50 ms /     1 runs (   336.50 ms per run)
whisper_print_timings:   decode time =    88.56 ms /    24 runs (     3.69 ms per run)
whisper_print_timings:   batchd time =     4.68 ms /     2 runs (     2.34 ms per run)
whisper_print_timings:   prompt time =     0.00 ms /     1 runs (     0.00 ms per run)
whisper_print_timings:    total time =   449.06 ms
BENCH_END	measure	2
BENCH_RESULT	measure	2	449.060181	 And so my fellow Americans ask not what your country can do for you, ask what you can do for your country.
BENCH_BEGIN	measure	3
ASAHI_PROFILE stage: convolution=19.272 ms
ASAHI_PROFILE stage: transformer=297.875 ms
ASAHI_ANE encoder: projections=24 submissions=1128 plans=24 replicas=1
ASAHI_PROFILE projections: plan=0.013 scale=8.749 run=160.441 restore=3.908 ms
ASAHI_PROFILE device: pack=3.788 write=6.497 ioctl=44.693 read=101.404 unpack=3.750 ms read_workers=4
ASAHI_PROFILE stage: cross_kv=29.680 ms

whisper_print_timings:     load time =    37.17 ms
whisper_print_timings:     fallbacks =   0 p /   0 h
whisper_print_timings:      mel time =     5.13 ms
whisper_print_timings:   sample time =    13.49 ms /     1 runs (    13.49 ms per run)
whisper_print_timings:   encode time =   347.05 ms /     1 runs (   347.05 ms per run)
whisper_print_timings:   decode time =    89.38 ms /    24 runs (     3.72 ms per run)
whisper_print_timings:   batchd time =     4.54 ms /     2 runs (     2.27 ms per run)
whisper_print_timings:   prompt time =     0.00 ms /     1 runs (     0.00 ms per run)
whisper_print_timings:    total time =   460.26 ms
BENCH_END	measure	3
BENCH_RESULT	measure	3	460.256173	 And so my fellow Americans ask not what your country can do for you, ask what you can do for your country.
