BENCH_RESULT	warmup	1	74.400333	 And so my fellow Americans ask not what your country can do for you, ask what you can do for your country.
BENCH_RESULT	warmup	2	68.753625	 And so my fellow Americans ask not what your country can do for you, ask what you can do for your country.
BENCH_RESULT	measure	1	69.162500	 And so my fellow Americans ask not what your country can do for you, ask what you can do for your country.
BENCH_RESULT	measure	2	68.373250	 And so my fellow Americans ask not what your country can do for you, ask what you can do for your country.
BENCH_RESULT	measure	3	68.244500	 And so my fellow Americans ask not what your country can do for you, ask what you can do for your country.
BENCH_RESULT	measure	4	68.375958	 And so my fellow Americans ask not what your country can do for you, ask what you can do for your country.
BENCH_RESULT	measure	5	68.214583	 And so my fellow Americans ask not what your country can do for you, ask what you can do for your country.

whisper_init_from_file_with_params_no_state: loading model from '/Users/yeren/Desktop/whisper/models/ggml-tiny.en.bin'
whisper_init_with_params_no_state: use gpu    = 0
whisper_init_with_params_no_state: flash attn = 1
whisper_init_with_params_no_state: gpu_device = 0
whisper_init_with_params_no_state: dtw        = 0
ggml_metal_device_init: tensor API disabled for pre-M5 and pre-A19 devices
ggml_metal_library_init: using embedded metal library
ggml_metal_library_compile_all: compiled 'fa' library in 0.012 sec
ggml_metal_library_compile_all: compiled 'mul_mv' library in 0.013 sec
ggml_metal_library_compile_all: compiled 'mul_mm' library in 0.014 sec
ggml_metal_library_compile_all: compiled 'quantize' library in 0.001 sec
ggml_metal_library_compile_all: compiled 'softmax' library in 0.001 sec
ggml_metal_library_compile_all: compiled 'norm' library in 0.001 sec
ggml_metal_library_compile_all: compiled 'unary' library in 0.001 sec
ggml_metal_library_compile_all: compiled 'binbcast' library in 0.014 sec
ggml_metal_library_compile_all: compiled 'reduce' library in 0.014 sec
ggml_metal_library_compile_all: compiled 'tri' library in 0.014 sec
ggml_metal_library_compile_all: compiled 'ssm' library in 0.012 sec
ggml_metal_library_compile_all: compiled 'wkv' library in 0.012 sec
ggml_metal_library_compile_all: compiled 'gated_delta_net' library in 0.012 sec
ggml_metal_library_compile_all: compiled 'solve_tri' library in 0.012 sec
ggml_metal_library_compile_all: compiled 'rope' library in 0.012 sec
ggml_metal_library_compile_all: compiled 'conv' library in 0.013 sec
ggml_metal_library_compile_all: compiled 'upscale' library in 0.012 sec
ggml_metal_library_compile_all: compiled 'argsort' library in 0.013 sec
ggml_metal_library_compile_all: compiled 'pool' library in 0.011 sec
ggml_metal_library_compile_all: compiled 'misc' library in 0.011 sec
ggml_metal_library_compile_all: loaded 20 libraries from embedded data in 0.014 sec (max single = 0.014 sec)
ggml_metal_rsets_init: creating a residency set collection (keep_alive = 180 s)
ggml_metal_device_init: GPU name:   MTL0 (Apple M1)
ggml_metal_device_init: GPU family: MTLGPUFamilyApple7  (1007)
ggml_metal_device_init: GPU family: MTLGPUFamilyMetal4  (5002)
ggml_metal_device_init: simdgroup reduction   = true
ggml_metal_device_init: simdgroup matrix mul. = true
ggml_metal_device_init: has unified memory    = true
ggml_metal_device_init: has bfloat            = true
ggml_metal_device_init: has tensor            = false
ggml_metal_device_init: use residency sets    = true
ggml_metal_device_init: use shared buffers    = true
ggml_metal_device_init: recommendedMaxWorkingSetSize  =  5726.63 MB
whisper_init_with_params_no_state: devices    = 3
whisper_init_with_params_no_state: backends   = 3
whisper_model_load: loading model
whisper_model_load: n_vocab       = 51864
whisper_model_load: n_audio_ctx   = 1500
whisper_model_load: n_audio_state = 384
whisper_model_load: n_audio_head  = 6
whisper_model_load: n_audio_layer = 4
whisper_model_load: n_text_ctx    = 448
whisper_model_load: n_text_state  = 384
whisper_model_load: n_text_head   = 6
whisper_model_load: n_text_layer  = 4
whisper_model_load: n_mels        = 80
whisper_model_load: ftype         = 1
whisper_model_load: qntvr         = 0
whisper_model_load: type          = 1 (tiny)
whisper_model_load: adding 1607 extra tokens
whisper_model_load: n_langs       = 99
whisper_model_load:          CPU total size =    77.11 MB
whisper_model_load: model size    =   77.11 MB
whisper_backend_init_gpu: no GPU found
whisper_backend_init: using BLAS backend
whisper_init_state: kv self size  =    3.15 MB
whisper_init_state: kv cross size =    9.44 MB
whisper_init_state: kv pad  size  =    2.36 MB
whisper_init_state: loading ANEForge encoder from '/Users/yeren/Desktop/whisper/models/whisper-tiny.en-ane'
whisper_init_state: compiling for the ANE (one time) ...
aneforge: encoder ready (mel=t1 pos=t0 out=t1383)
whisper_init_state: ANEForge encoder loaded
whisper_init_state: compute buffer (conv)   =    4.85 MB
whisper_init_state: compute buffer (cross)  =    3.89 MB
whisper_init_state: compute buffer (decode) =   95.91 MB
BENCH_BEGIN	warmup	1

whisper_print_timings:     load time =    41.07 ms
whisper_print_timings:     fallbacks =   0 p /   0 h
whisper_print_timings:      mel time =     4.61 ms
whisper_print_timings:   sample time =     9.05 ms /     1 runs (     9.05 ms per run)
whisper_print_timings:   encode time =    20.64 ms /     1 runs (    20.64 ms per run)
whisper_print_timings:   decode time =    36.21 ms /    24 runs (     1.51 ms per run)
whisper_print_timings:   batchd time =     3.25 ms /     2 runs (     1.62 ms per run)
whisper_print_timings:   prompt time =     0.00 ms /     1 runs (     0.00 ms per run)
whisper_print_timings:    total time =    74.40 ms
BENCH_END	warmup	1
BENCH_BEGIN	warmup	2

whisper_print_timings:     load time =    41.07 ms
whisper_print_timings:     fallbacks =   0 p /   0 h
whisper_print_timings:      mel time =     4.51 ms
whisper_print_timings:   sample time =     9.00 ms /     1 runs (     9.00 ms per run)
whisper_print_timings:   encode time =    16.33 ms /     1 runs (    16.33 ms per run)
whisper_print_timings:   decode time =    36.24 ms /    24 runs (     1.51 ms per run)
whisper_print_timings:   batchd time =     2.19 ms /     2 runs (     1.10 ms per run)
whisper_print_timings:   prompt time =     0.00 ms /     1 runs (     0.00 ms per run)
whisper_print_timings:    total time =    68.75 ms
BENCH_END	warmup	2
BENCH_BEGIN	measure	1

whisper_print_timings:     load time =    41.07 ms
whisper_print_timings:     fallbacks =   0 p /   0 h
whisper_print_timings:      mel time =     5.03 ms
whisper_print_timings:   sample time =     8.74 ms /     1 runs (     8.74 ms per run)
whisper_print_timings:   encode time =    16.07 ms /     1 runs (    16.07 ms per run)
whisper_print_timings:   decode time =    36.67 ms /    24 runs (     1.53 ms per run)
whisper_print_timings:   batchd time =     2.22 ms /     2 runs (     1.11 ms per run)
whisper_print_timings:   prompt time =     0.00 ms /     1 runs (     0.00 ms per run)
whisper_print_timings:    total time =    69.16 ms
BENCH_END	measure	1
BENCH_BEGIN	measure	2

whisper_print_timings:     load time =    41.07 ms
whisper_print_timings:     fallbacks =   0 p /   0 h
whisper_print_timings:      mel time =     4.40 ms
whisper_print_timings:   sample time =     8.70 ms /     1 runs (     8.70 ms per run)
whisper_print_timings:   encode time =    16.16 ms /     1 runs (    16.16 ms per run)
whisper_print_timings:   decode time =    36.53 ms /    24 runs (     1.52 ms per run)
whisper_print_timings:   batchd time =     2.16 ms /     2 runs (     1.08 ms per run)
whisper_print_timings:   prompt time =     0.00 ms /     1 runs (     0.00 ms per run)
whisper_print_timings:    total time =    68.37 ms
BENCH_END	measure	2
BENCH_BEGIN	measure	3

whisper_print_timings:     load time =    41.07 ms
whisper_print_timings:     fallbacks =   0 p /   0 h
whisper_print_timings:      mel time =     4.34 ms
whisper_print_timings:   sample time =     8.69 ms /     1 runs (     8.69 ms per run)
whisper_print_timings:   encode time =    15.99 ms /     1 runs (    15.99 ms per run)
whisper_print_timings:   decode time =    36.64 ms /    24 runs (     1.53 ms per run)
whisper_print_timings:   batchd time =     2.14 ms /     2 runs (     1.07 ms per run)
whisper_print_timings:   prompt time =     0.00 ms /     1 runs (     0.00 ms per run)
whisper_print_timings:    total time =    68.24 ms
BENCH_END	measure	3
BENCH_BEGIN	measure	4

whisper_print_timings:     load time =    41.07 ms
whisper_print_timings:     fallbacks =   0 p /   0 h
whisper_print_timings:      mel time =     4.37 ms
whisper_print_timings:   sample time =     8.66 ms /     1 runs (     8.66 ms per run)
whisper_print_timings:   encode time =    15.95 ms /     1 runs (    15.95 ms per run)
whisper_print_timings:   decode time =    36.83 ms /    24 runs (     1.53 ms per run)
whisper_print_timings:   batchd time =     2.14 ms /     2 runs (     1.07 ms per run)
whisper_print_timings:   prompt time =     0.00 ms /     1 runs (     0.00 ms per run)
whisper_print_timings:    total time =    68.38 ms
BENCH_END	measure	4
BENCH_BEGIN	measure	5

whisper_print_timings:     load time =    41.07 ms
whisper_print_timings:     fallbacks =   0 p /   0 h
whisper_print_timings:      mel time =     4.40 ms
whisper_print_timings:   sample time =     8.73 ms /     1 runs (     8.73 ms per run)
whisper_print_timings:   encode time =    16.08 ms /     1 runs (    16.08 ms per run)
whisper_print_timings:   decode time =    36.35 ms /    24 runs (     1.51 ms per run)
whisper_print_timings:   batchd time =     2.23 ms /     2 runs (     1.11 ms per run)
whisper_print_timings:   prompt time =     0.00 ms /     1 runs (     0.00 ms per run)
whisper_print_timings:    total time =    68.22 ms
BENCH_END	measure	5
