BENCH_RESULT	warmup	1	169.514625	 And so my fellow Americans ask not what your country can do for you, ask what you can do for your country.
BENCH_RESULT	warmup	2	158.909208	 And so my fellow Americans ask not what your country can do for you, ask what you can do for your country.
BENCH_RESULT	measure	1	158.442542	 And so my fellow Americans ask not what your country can do for you, ask what you can do for your country.
BENCH_RESULT	measure	2	158.336042	 And so my fellow Americans ask not what your country can do for you, ask what you can do for your country.
BENCH_RESULT	measure	3	158.253416	 And so my fellow Americans ask not what your country can do for you, ask what you can do for your country.
BENCH_RESULT	measure	4	158.023959	 And so my fellow Americans ask not what your country can do for you, ask what you can do for your country.
BENCH_RESULT	measure	5	160.471625	 And so my fellow Americans ask not what your country can do for you, ask what you can do for your country.

whisper_init_from_file_with_params_no_state: loading model from '/Users/yeren/Desktop/whisper/models/ggml-tiny.en.bin'
whisper_init_with_params_no_state: use gpu    = 0
whisper_init_with_params_no_state: flash attn = 1
whisper_init_with_params_no_state: gpu_device = 0
whisper_init_with_params_no_state: dtw        = 0
ggml_metal_device_init: tensor API disabled for pre-M5 and pre-A19 devices
ggml_metal_library_init: using embedded metal library
ggml_metal_library_compile_all: compiled 'fa' library in 0.053 sec
ggml_metal_library_compile_all: compiled 'mul_mv' library in 0.012 sec
ggml_metal_library_compile_all: compiled 'mul_mm' library in 0.064 sec
ggml_metal_library_compile_all: compiled 'quantize' library in 0.066 sec
ggml_metal_library_compile_all: compiled 'softmax' library in 0.057 sec
ggml_metal_library_compile_all: compiled 'norm' library in 0.006 sec
ggml_metal_library_compile_all: compiled 'unary' library in 0.054 sec
ggml_metal_library_compile_all: compiled 'binbcast' library in 0.054 sec
ggml_metal_library_compile_all: compiled 'reduce' library in 0.055 sec
ggml_metal_library_compile_all: compiled 'tri' library in 0.056 sec
ggml_metal_library_compile_all: compiled 'ssm' library in 0.057 sec
ggml_metal_library_compile_all: compiled 'wkv' library in 0.056 sec
ggml_metal_library_compile_all: compiled 'gated_delta_net' library in 0.009 sec
ggml_metal_library_compile_all: compiled 'solve_tri' library in 0.006 sec
ggml_metal_library_compile_all: compiled 'rope' library in 0.008 sec
ggml_metal_library_compile_all: compiled 'conv' library in 0.007 sec
ggml_metal_library_compile_all: compiled 'upscale' library in 0.055 sec
ggml_metal_library_compile_all: compiled 'argsort' library in 0.008 sec
ggml_metal_library_compile_all: compiled 'pool' library in 0.054 sec
ggml_metal_library_compile_all: compiled 'misc' library in 0.008 sec
ggml_metal_library_compile_all: loaded 20 libraries from embedded data in 0.066 sec (max single = 0.066 sec)
ggml_metal_rsets_init: creating a residency set collection (keep_alive = 180 s)
ggml_metal_device_init: GPU name:   MTL0 (Apple M1)
ggml_metal_device_init: GPU family: MTLGPUFamilyApple7  (1007)
ggml_metal_device_init: GPU family: MTLGPUFamilyMetal4  (5002)
ggml_metal_device_init: simdgroup reduction   = true
ggml_metal_device_init: simdgroup matrix mul. = true
ggml_metal_device_init: has unified memory    = true
ggml_metal_device_init: has bfloat            = true
ggml_metal_device_init: has tensor            = false
ggml_metal_device_init: use residency sets    = true
ggml_metal_device_init: use shared buffers    = true
ggml_metal_device_init: recommendedMaxWorkingSetSize  =  5726.63 MB
whisper_init_with_params_no_state: devices    = 3
whisper_init_with_params_no_state: backends   = 3
whisper_model_load: loading model
whisper_model_load: n_vocab       = 51864
whisper_model_load: n_audio_ctx   = 1500
whisper_model_load: n_audio_state = 384
whisper_model_load: n_audio_head  = 6
whisper_model_load: n_audio_layer = 4
whisper_model_load: n_text_ctx    = 448
whisper_model_load: n_text_state  = 384
whisper_model_load: n_text_head   = 6
whisper_model_load: n_text_layer  = 4
whisper_model_load: n_mels        = 80
whisper_model_load: ftype         = 1
whisper_model_load: qntvr         = 0
whisper_model_load: type          = 1 (tiny)
whisper_model_load: adding 1607 extra tokens
whisper_model_load: n_langs       = 99
whisper_model_load:          CPU total size =    77.11 MB
whisper_model_load: model size    =   77.11 MB
whisper_backend_init_gpu: no GPU found
whisper_backend_init: using BLAS backend
whisper_init_state: kv self size  =    3.15 MB
whisper_init_state: kv cross size =    9.44 MB
whisper_init_state: kv pad  size  =    2.36 MB
whisper_init_state: compute buffer (conv)   =   13.21 MB
whisper_init_state: compute buffer (encode) =   17.72 MB
whisper_init_state: compute buffer (cross)  =    3.89 MB
whisper_init_state: compute buffer (decode) =   95.91 MB
BENCH_BEGIN	warmup	1

whisper_print_timings:     load time =    72.88 ms
whisper_print_timings:     fallbacks =   0 p /   0 h
whisper_print_timings:      mel time =     5.91 ms
whisper_print_timings:   sample time =     8.78 ms /     1 runs (     8.78 ms per run)
whisper_print_timings:   encode time =   114.65 ms /     1 runs (   114.65 ms per run)
whisper_print_timings:   decode time =    35.40 ms /    24 runs (     1.48 ms per run)
whisper_print_timings:   batchd time =     4.08 ms /     2 runs (     2.04 ms per run)
whisper_print_timings:   prompt time =     0.00 ms /     1 runs (     0.00 ms per run)
whisper_print_timings:    total time =   169.52 ms
BENCH_END	warmup	1
BENCH_BEGIN	warmup	2

whisper_print_timings:     load time =    72.88 ms
whisper_print_timings:     fallbacks =   0 p /   0 h
whisper_print_timings:      mel time =     4.60 ms
whisper_print_timings:   sample time =     8.74 ms /     1 runs (     8.74 ms per run)
whisper_print_timings:   encode time =   107.79 ms /     1 runs (   107.79 ms per run)
whisper_print_timings:   decode time =    35.11 ms /    24 runs (     1.46 ms per run)
whisper_print_timings:   batchd time =     2.21 ms /     2 runs (     1.11 ms per run)
whisper_print_timings:   prompt time =     0.00 ms /     1 runs (     0.00 ms per run)
whisper_print_timings:    total time =   158.91 ms
BENCH_END	warmup	2
BENCH_BEGIN	measure	1

whisper_print_timings:     load time =    72.88 ms
whisper_print_timings:     fallbacks =   0 p /   0 h
whisper_print_timings:      mel time =     4.51 ms
whisper_print_timings:   sample time =     8.79 ms /     1 runs (     8.79 ms per run)
whisper_print_timings:   encode time =   107.39 ms /     1 runs (   107.39 ms per run)
whisper_print_timings:   decode time =    35.15 ms /    24 runs (     1.46 ms per run)
whisper_print_timings:   batchd time =     2.17 ms /     2 runs (     1.08 ms per run)
whisper_print_timings:   prompt time =     0.00 ms /     1 runs (     0.00 ms per run)
whisper_print_timings:    total time =   158.44 ms
BENCH_END	measure	1
BENCH_BEGIN	measure	2

whisper_print_timings:     load time =    72.88 ms
whisper_print_timings:     fallbacks =   0 p /   0 h
whisper_print_timings:      mel time =     4.41 ms
whisper_print_timings:   sample time =     8.77 ms /     1 runs (     8.77 ms per run)
whisper_print_timings:   encode time =   107.24 ms /     1 runs (   107.24 ms per run)
whisper_print_timings:   decode time =    35.32 ms /    24 runs (     1.47 ms per run)
whisper_print_timings:   batchd time =     2.17 ms /     2 runs (     1.09 ms per run)
whisper_print_timings:   prompt time =     0.00 ms /     1 runs (     0.00 ms per run)
whisper_print_timings:    total time =   158.34 ms
BENCH_END	measure	2
BENCH_BEGIN	measure	3

whisper_print_timings:     load time =    72.88 ms
whisper_print_timings:     fallbacks =   0 p /   0 h
whisper_print_timings:      mel time =     4.35 ms
whisper_print_timings:   sample time =     8.74 ms /     1 runs (     8.74 ms per run)
whisper_print_timings:   encode time =   107.45 ms /     1 runs (   107.45 ms per run)
whisper_print_timings:   decode time =    35.10 ms /    24 runs (     1.46 ms per run)
whisper_print_timings:   batchd time =     2.18 ms /     2 runs (     1.09 ms per run)
whisper_print_timings:   prompt time =     0.00 ms /     1 runs (     0.00 ms per run)
whisper_print_timings:    total time =   158.25 ms
BENCH_END	measure	3
BENCH_BEGIN	measure	4

whisper_print_timings:     load time =    72.88 ms
whisper_print_timings:     fallbacks =   0 p /   0 h
whisper_print_timings:      mel time =     4.36 ms
whisper_print_timings:   sample time =     8.80 ms /     1 runs (     8.80 ms per run)
whisper_print_timings:   encode time =   107.12 ms /     1 runs (   107.12 ms per run)
whisper_print_timings:   decode time =    35.14 ms /    24 runs (     1.46 ms per run)
whisper_print_timings:   batchd time =     2.17 ms /     2 runs (     1.08 ms per run)
whisper_print_timings:   prompt time =     0.00 ms /     1 runs (     0.00 ms per run)
whisper_print_timings:    total time =   158.02 ms
BENCH_END	measure	4
BENCH_BEGIN	measure	5

whisper_print_timings:     load time =    72.88 ms
whisper_print_timings:     fallbacks =   0 p /   0 h
whisper_print_timings:      mel time =     4.44 ms
whisper_print_timings:   sample time =     8.78 ms /     1 runs (     8.78 ms per run)
whisper_print_timings:   encode time =   109.27 ms /     1 runs (   109.27 ms per run)
whisper_print_timings:   decode time =    35.33 ms /    24 runs (     1.47 ms per run)
whisper_print_timings:   batchd time =     2.22 ms /     2 runs (     1.11 ms per run)
whisper_print_timings:   prompt time =     0.00 ms /     1 runs (     0.00 ms per run)
whisper_print_timings:    total time =   160.47 ms
BENCH_END	measure	5
