BENCH_RESULT	warmup	1	140.727708	 And so my fellow Americans ask not what your country can do for you, ask what you can do for your country.
BENCH_RESULT	warmup	2	125.316625	 And so my fellow Americans ask not what your country can do for you, ask what you can do for your country.
BENCH_RESULT	measure	1	127.033583	 And so my fellow Americans ask not what your country can do for you, ask what you can do for your country.
BENCH_RESULT	measure	2	138.911083	 And so my fellow Americans ask not what your country can do for you, ask what you can do for your country.
BENCH_RESULT	measure	3	150.728916	 And so my fellow Americans ask not what your country can do for you, ask what you can do for your country.
BENCH_RESULT	measure	4	162.288625	 And so my fellow Americans ask not what your country can do for you, ask what you can do for your country.
BENCH_RESULT	measure	5	156.292958	 And so my fellow Americans ask not what your country can do for you, ask what you can do for your country.

whisper_init_from_file_with_params_no_state: loading model from '/Users/yeren/Desktop/whisper/models/ggml-tiny.en.bin'
whisper_init_with_params_no_state: use gpu    = 1
whisper_init_with_params_no_state: flash attn = 1
whisper_init_with_params_no_state: gpu_device = 0
whisper_init_with_params_no_state: dtw        = 0
ggml_metal_device_init: tensor API disabled for pre-M5 and pre-A19 devices
ggml_metal_library_init: using embedded metal library
ggml_metal_library_compile_all: compiled 'fa' library in 0.012 sec
ggml_metal_library_compile_all: compiled 'mul_mv' library in 0.013 sec
ggml_metal_library_compile_all: compiled 'mul_mm' library in 0.002 sec
ggml_metal_library_compile_all: compiled 'quantize' library in 0.003 sec
ggml_metal_library_compile_all: compiled 'softmax' library in 0.013 sec
ggml_metal_library_compile_all: compiled 'norm' library in 0.002 sec
ggml_metal_library_compile_all: compiled 'unary' library in 0.002 sec
ggml_metal_library_compile_all: compiled 'binbcast' library in 0.002 sec
ggml_metal_library_compile_all: compiled 'reduce' library in 0.013 sec
ggml_metal_library_compile_all: compiled 'tri' library in 0.013 sec
ggml_metal_library_compile_all: compiled 'ssm' library in 0.013 sec
ggml_metal_library_compile_all: compiled 'wkv' library in 0.013 sec
ggml_metal_library_compile_all: compiled 'gated_delta_net' library in 0.013 sec
ggml_metal_library_compile_all: compiled 'solve_tri' library in 0.013 sec
ggml_metal_library_compile_all: compiled 'rope' library in 0.013 sec
ggml_metal_library_compile_all: compiled 'conv' library in 0.013 sec
ggml_metal_library_compile_all: compiled 'upscale' library in 0.013 sec
ggml_metal_library_compile_all: compiled 'argsort' library in 0.013 sec
ggml_metal_library_compile_all: compiled 'pool' library in 0.013 sec
ggml_metal_library_compile_all: compiled 'misc' library in 0.013 sec
ggml_metal_library_compile_all: loaded 20 libraries from embedded data in 0.014 sec (max single = 0.013 sec)
ggml_metal_rsets_init: creating a residency set collection (keep_alive = 180 s)
ggml_metal_device_init: GPU name:   MTL0 (Apple M1)
ggml_metal_device_init: GPU family: MTLGPUFamilyApple7  (1007)
ggml_metal_device_init: GPU family: MTLGPUFamilyMetal4  (5002)
ggml_metal_device_init: simdgroup reduction   = true
ggml_metal_device_init: simdgroup matrix mul. = true
ggml_metal_device_init: has unified memory    = true
ggml_metal_device_init: has bfloat            = true
ggml_metal_device_init: has tensor            = false
ggml_metal_device_init: use residency sets    = true
ggml_metal_device_init: use shared buffers    = true
ggml_metal_device_init: recommendedMaxWorkingSetSize  =  5726.63 MB
whisper_init_with_params_no_state: devices    = 3
whisper_init_with_params_no_state: backends   = 3
whisper_model_load: loading model
whisper_model_load: n_vocab       = 51864
whisper_model_load: n_audio_ctx   = 1500
whisper_model_load: n_audio_state = 384
whisper_model_load: n_audio_head  = 6
whisper_model_load: n_audio_layer = 4
whisper_model_load: n_text_ctx    = 448
whisper_model_load: n_text_state  = 384
whisper_model_load: n_text_head   = 6
whisper_model_load: n_text_layer  = 4
whisper_model_load: n_mels        = 80
whisper_model_load: ftype         = 1
whisper_model_load: qntvr         = 0
whisper_model_load: type          = 1 (tiny)
whisper_model_load: adding 1607 extra tokens
whisper_model_load: n_langs       = 99
whisper_model_load:         MTL0 total size =    77.11 MB
whisper_model_load: model size    =   77.11 MB
whisper_backend_init_gpu: device 0: MTL0 (type: 1)
whisper_backend_init_gpu: found GPU device 0: MTL0 (type: 1, cnt: 0)
whisper_backend_init_gpu: using MTL0 backend
ggml_metal_init: allocating
ggml_metal_init: found device: Apple M1
ggml_metal_init: picking default device: Apple M1
ggml_metal_init: use fusion         = true
ggml_metal_init: use concurrency    = true
ggml_metal_init: use graph optimize = true
whisper_backend_init: using BLAS backend
whisper_init_state: kv self size  =    3.15 MB
whisper_init_state: kv cross size =    9.44 MB
whisper_init_state: kv pad  size  =    2.36 MB
whisper_init_state: compute buffer (conv)   =   14.17 MB
whisper_init_state: compute buffer (encode) =   19.99 MB
whisper_init_state: compute buffer (cross)  =   20.02 MB
whisper_init_state: compute buffer (decode) =   96.14 MB
BENCH_BEGIN	warmup	1

whisper_print_timings:     load time =    47.08 ms
whisper_print_timings:     fallbacks =   0 p /   0 h
whisper_print_timings:      mel time =     6.26 ms
whisper_print_timings:   sample time =    13.03 ms /     1 runs (    13.03 ms per run)
whisper_print_timings:   encode time =    63.60 ms /     1 runs (    63.60 ms per run)
whisper_print_timings:   decode time =    51.02 ms /    24 runs (     2.13 ms per run)
whisper_print_timings:   batchd time =     6.14 ms /     2 runs (     3.07 ms per run)
whisper_print_timings:   prompt time =     0.00 ms /     1 runs (     0.00 ms per run)
whisper_print_timings:    total time =   140.73 ms
BENCH_END	warmup	1
BENCH_BEGIN	warmup	2

whisper_print_timings:     load time =    47.08 ms
whisper_print_timings:     fallbacks =   0 p /   0 h
whisper_print_timings:      mel time =     6.84 ms
whisper_print_timings:   sample time =    15.03 ms /     1 runs (    15.03 ms per run)
whisper_print_timings:   encode time =    49.96 ms /     1 runs (    49.96 ms per run)
whisper_print_timings:   decode time =    50.46 ms /    24 runs (     2.10 ms per run)
whisper_print_timings:   batchd time =     2.33 ms /     2 runs (     1.17 ms per run)
whisper_print_timings:   prompt time =     0.00 ms /     1 runs (     0.00 ms per run)
whisper_print_timings:    total time =   125.32 ms
BENCH_END	warmup	2
BENCH_BEGIN	measure	1

whisper_print_timings:     load time =    47.08 ms
whisper_print_timings:     fallbacks =   0 p /   0 h
whisper_print_timings:      mel time =     5.71 ms
whisper_print_timings:   sample time =    15.67 ms /     1 runs (    15.67 ms per run)
whisper_print_timings:   encode time =    50.70 ms /     1 runs (    50.70 ms per run)
whisper_print_timings:   decode time =    51.99 ms /    24 runs (     2.17 ms per run)
whisper_print_timings:   batchd time =     2.28 ms /     2 runs (     1.14 ms per run)
whisper_print_timings:   prompt time =     0.00 ms /     1 runs (     0.00 ms per run)
whisper_print_timings:    total time =   127.03 ms
BENCH_END	measure	1
BENCH_BEGIN	measure	2

whisper_print_timings:     load time =    47.08 ms
whisper_print_timings:     fallbacks =   0 p /   0 h
whisper_print_timings:      mel time =     8.21 ms
whisper_print_timings:   sample time =    21.86 ms /     1 runs (    21.86 ms per run)
whisper_print_timings:   encode time =    50.22 ms /     1 runs (    50.22 ms per run)
whisper_print_timings:   decode time =    55.27 ms /    24 runs (     2.30 ms per run)
whisper_print_timings:   batchd time =     2.39 ms /     2 runs (     1.20 ms per run)
whisper_print_timings:   prompt time =     0.00 ms /     1 runs (     0.00 ms per run)
whisper_print_timings:    total time =   138.91 ms
BENCH_END	measure	2
BENCH_BEGIN	measure	3

whisper_print_timings:     load time =    47.08 ms
whisper_print_timings:     fallbacks =   0 p /   0 h
whisper_print_timings:      mel time =    10.92 ms
whisper_print_timings:   sample time =    26.42 ms /     1 runs (    26.42 ms per run)
whisper_print_timings:   encode time =    50.46 ms /     1 runs (    50.46 ms per run)
whisper_print_timings:   decode time =    58.78 ms /    24 runs (     2.45 ms per run)
whisper_print_timings:   batchd time =     2.75 ms /     2 runs (     1.37 ms per run)
whisper_print_timings:   prompt time =     0.00 ms /     1 runs (     0.00 ms per run)
whisper_print_timings:    total time =   150.73 ms
BENCH_END	measure	3
BENCH_BEGIN	measure	4

whisper_print_timings:     load time =    47.08 ms
whisper_print_timings:     fallbacks =   0 p /   0 h
whisper_print_timings:      mel time =    11.73 ms
whisper_print_timings:   sample time =    27.84 ms /     1 runs (    27.84 ms per run)
whisper_print_timings:   encode time =    52.91 ms /     1 runs (    52.91 ms per run)
whisper_print_timings:   decode time =    65.49 ms /    24 runs (     2.73 ms per run)
whisper_print_timings:   batchd time =     2.96 ms /     2 runs (     1.48 ms per run)
whisper_print_timings:   prompt time =     0.00 ms /     1 runs (     0.00 ms per run)
whisper_print_timings:    total time =   162.29 ms
BENCH_END	measure	4
BENCH_BEGIN	measure	5

whisper_print_timings:     load time =    47.08 ms
whisper_print_timings:     fallbacks =   0 p /   0 h
whisper_print_timings:      mel time =    12.94 ms
whisper_print_timings:   sample time =    26.05 ms /     1 runs (    26.05 ms per run)
whisper_print_timings:   encode time =    53.79 ms /     1 runs (    53.79 ms per run)
whisper_print_timings:   decode time =    58.99 ms /    24 runs (     2.46 ms per run)
whisper_print_timings:   batchd time =     2.94 ms /     2 runs (     1.47 ms per run)
whisper_print_timings:   prompt time =     0.00 ms /     1 runs (     0.00 ms per run)
whisper_print_timings:    total time =   156.29 ms
BENCH_END	measure	5
ggml_metal_free: deallocating
