BENCH_RESULT	warmup	1	139.891625	 And so my fellow Americans ask not what your country can do for you, ask what you can do for your country.
BENCH_RESULT	warmup	2	138.235209	 And so my fellow Americans ask not what your country can do for you, ask what you can do for your country.
BENCH_RESULT	measure	1	155.364833	 And so my fellow Americans ask not what your country can do for you, ask what you can do for your country.
BENCH_RESULT	measure	2	157.252708	 And so my fellow Americans ask not what your country can do for you, ask what you can do for your country.
BENCH_RESULT	measure	3	156.837208	 And so my fellow Americans ask not what your country can do for you, ask what you can do for your country.
BENCH_RESULT	measure	4	157.453250	 And so my fellow Americans ask not what your country can do for you, ask what you can do for your country.
BENCH_RESULT	measure	5	159.472833	 And so my fellow Americans ask not what your country can do for you, ask what you can do for your country.

whisper_init_from_file_with_params_no_state: loading model from '/Users/yeren/Desktop/whisper/models/ggml-tiny.en.bin'
whisper_init_with_params_no_state: use gpu    = 1
whisper_init_with_params_no_state: flash attn = 1
whisper_init_with_params_no_state: gpu_device = 0
whisper_init_with_params_no_state: dtw        = 0
ggml_metal_device_init: tensor API disabled for pre-M5 and pre-A19 devices
ggml_metal_library_init: using embedded metal library
ggml_metal_library_compile_all: compiled 'fa' library in 0.012 sec
ggml_metal_library_compile_all: compiled 'mul_mv' library in 0.013 sec
ggml_metal_library_compile_all: compiled 'mul_mm' library in 0.003 sec
ggml_metal_library_compile_all: compiled 'quantize' library in 0.001 sec
ggml_metal_library_compile_all: compiled 'softmax' library in 0.013 sec
ggml_metal_library_compile_all: compiled 'norm' library in 0.001 sec
ggml_metal_library_compile_all: compiled 'unary' library in 0.003 sec
ggml_metal_library_compile_all: compiled 'binbcast' library in 0.002 sec
ggml_metal_library_compile_all: compiled 'reduce' library in 0.013 sec
ggml_metal_library_compile_all: compiled 'tri' library in 0.014 sec
ggml_metal_library_compile_all: compiled 'ssm' library in 0.013 sec
ggml_metal_library_compile_all: compiled 'wkv' library in 0.013 sec
ggml_metal_library_compile_all: compiled 'gated_delta_net' library in 0.013 sec
ggml_metal_library_compile_all: compiled 'solve_tri' library in 0.013 sec
ggml_metal_library_compile_all: compiled 'rope' library in 0.013 sec
ggml_metal_library_compile_all: compiled 'conv' library in 0.013 sec
ggml_metal_library_compile_all: compiled 'upscale' library in 0.013 sec
ggml_metal_library_compile_all: compiled 'argsort' library in 0.013 sec
ggml_metal_library_compile_all: compiled 'pool' library in 0.013 sec
ggml_metal_library_compile_all: compiled 'misc' library in 0.013 sec
ggml_metal_library_compile_all: loaded 20 libraries from embedded data in 0.014 sec (max single = 0.014 sec)
ggml_metal_rsets_init: creating a residency set collection (keep_alive = 180 s)
ggml_metal_device_init: GPU name:   MTL0 (Apple M1)
ggml_metal_device_init: GPU family: MTLGPUFamilyApple7  (1007)
ggml_metal_device_init: GPU family: MTLGPUFamilyMetal4  (5002)
ggml_metal_device_init: simdgroup reduction   = true
ggml_metal_device_init: simdgroup matrix mul. = true
ggml_metal_device_init: has unified memory    = true
ggml_metal_device_init: has bfloat            = true
ggml_metal_device_init: has tensor            = false
ggml_metal_device_init: use residency sets    = true
ggml_metal_device_init: use shared buffers    = true
ggml_metal_device_init: recommendedMaxWorkingSetSize  =  5726.63 MB
whisper_init_with_params_no_state: devices    = 3
whisper_init_with_params_no_state: backends   = 3
whisper_model_load: loading model
whisper_model_load: n_vocab       = 51864
whisper_model_load: n_audio_ctx   = 1500
whisper_model_load: n_audio_state = 384
whisper_model_load: n_audio_head  = 6
whisper_model_load: n_audio_layer = 4
whisper_model_load: n_text_ctx    = 448
whisper_model_load: n_text_state  = 384
whisper_model_load: n_text_head   = 6
whisper_model_load: n_text_layer  = 4
whisper_model_load: n_mels        = 80
whisper_model_load: ftype         = 1
whisper_model_load: qntvr         = 0
whisper_model_load: type          = 1 (tiny)
whisper_model_load: adding 1607 extra tokens
whisper_model_load: n_langs       = 99
whisper_model_load:         MTL0 total size =    77.11 MB
whisper_model_load: model size    =   77.11 MB
whisper_backend_init_gpu: device 0: MTL0 (type: 1)
whisper_backend_init_gpu: found GPU device 0: MTL0 (type: 1, cnt: 0)
whisper_backend_init_gpu: using MTL0 backend
ggml_metal_init: allocating
ggml_metal_init: found device: Apple M1
ggml_metal_init: picking default device: Apple M1
ggml_metal_init: use fusion         = true
ggml_metal_init: use concurrency    = true
ggml_metal_init: use graph optimize = true
whisper_backend_init: using BLAS backend
whisper_init_state: kv self size  =    3.15 MB
whisper_init_state: kv cross size =    9.44 MB
whisper_init_state: kv pad  size  =    2.36 MB
whisper_init_state: compute buffer (conv)   =   14.17 MB
whisper_init_state: compute buffer (encode) =   19.99 MB
whisper_init_state: compute buffer (cross)  =   20.02 MB
whisper_init_state: compute buffer (decode) =   96.14 MB
BENCH_BEGIN	warmup	1

whisper_print_timings:     load time =    47.17 ms
whisper_print_timings:     fallbacks =   0 p /   0 h
whisper_print_timings:      mel time =     4.85 ms
whisper_print_timings:   sample time =    14.47 ms /     1 runs (    14.47 ms per run)
whisper_print_timings:   encode time =    62.71 ms /     1 runs (    62.71 ms per run)
whisper_print_timings:   decode time =    52.10 ms /    24 runs (     2.17 ms per run)
whisper_print_timings:   batchd time =     5.05 ms /     2 runs (     2.52 ms per run)
whisper_print_timings:   prompt time =     0.00 ms /     1 runs (     0.00 ms per run)
whisper_print_timings:    total time =   139.89 ms
BENCH_END	warmup	1
BENCH_BEGIN	warmup	2

whisper_print_timings:     load time =    47.17 ms
whisper_print_timings:     fallbacks =   0 p /   0 h
whisper_print_timings:      mel time =     7.81 ms
whisper_print_timings:   sample time =    20.69 ms /     1 runs (    20.69 ms per run)
whisper_print_timings:   encode time =    51.23 ms /     1 runs (    51.23 ms per run)
whisper_print_timings:   decode time =    55.23 ms /    24 runs (     2.30 ms per run)
whisper_print_timings:   batchd time =     2.43 ms /     2 runs (     1.22 ms per run)
whisper_print_timings:   prompt time =     0.00 ms /     1 runs (     0.00 ms per run)
whisper_print_timings:    total time =   138.24 ms
BENCH_END	warmup	2
BENCH_BEGIN	measure	1

whisper_print_timings:     load time =    47.17 ms
whisper_print_timings:     fallbacks =   0 p /   0 h
whisper_print_timings:      mel time =    10.88 ms
whisper_print_timings:   sample time =    27.99 ms /     1 runs (    27.99 ms per run)
whisper_print_timings:   encode time =    51.32 ms /     1 runs (    51.32 ms per run)
whisper_print_timings:   decode time =    61.43 ms /    24 runs (     2.56 ms per run)
whisper_print_timings:   batchd time =     2.58 ms /     2 runs (     1.29 ms per run)
whisper_print_timings:   prompt time =     0.00 ms /     1 runs (     0.00 ms per run)
whisper_print_timings:    total time =   155.37 ms
BENCH_END	measure	1
BENCH_BEGIN	measure	2

whisper_print_timings:     load time =    47.17 ms
whisper_print_timings:     fallbacks =   0 p /   0 h
whisper_print_timings:      mel time =    13.45 ms
whisper_print_timings:   sample time =    26.15 ms /     1 runs (    26.15 ms per run)
whisper_print_timings:   encode time =    54.72 ms /     1 runs (    54.72 ms per run)
whisper_print_timings:   decode time =    58.70 ms /    24 runs (     2.45 ms per run)
whisper_print_timings:   batchd time =     2.91 ms /     2 runs (     1.45 ms per run)
whisper_print_timings:   prompt time =     0.00 ms /     1 runs (     0.00 ms per run)
whisper_print_timings:    total time =   157.25 ms
BENCH_END	measure	2
BENCH_BEGIN	measure	3

whisper_print_timings:     load time =    47.17 ms
whisper_print_timings:     fallbacks =   0 p /   0 h
whisper_print_timings:      mel time =    12.16 ms
whisper_print_timings:   sample time =    26.47 ms /     1 runs (    26.47 ms per run)
whisper_print_timings:   encode time =    52.76 ms /     1 runs (    52.76 ms per run)
whisper_print_timings:   decode time =    61.62 ms /    24 runs (     2.57 ms per run)
whisper_print_timings:   batchd time =     2.77 ms /     2 runs (     1.39 ms per run)
whisper_print_timings:   prompt time =     0.00 ms /     1 runs (     0.00 ms per run)
whisper_print_timings:    total time =   156.84 ms
BENCH_END	measure	3
BENCH_BEGIN	measure	4

whisper_print_timings:     load time =    47.17 ms
whisper_print_timings:     fallbacks =   0 p /   0 h
whisper_print_timings:      mel time =    12.04 ms
whisper_print_timings:   sample time =    27.76 ms /     1 runs (    27.76 ms per run)
whisper_print_timings:   encode time =    52.43 ms /     1 runs (    52.43 ms per run)
whisper_print_timings:   decode time =    60.76 ms /    24 runs (     2.53 ms per run)
whisper_print_timings:   batchd time =     3.01 ms /     2 runs (     1.50 ms per run)
whisper_print_timings:   prompt time =     0.00 ms /     1 runs (     0.00 ms per run)
whisper_print_timings:    total time =   157.45 ms
BENCH_END	measure	4
BENCH_BEGIN	measure	5

whisper_print_timings:     load time =    47.17 ms
whisper_print_timings:     fallbacks =   0 p /   0 h
whisper_print_timings:      mel time =    12.76 ms
whisper_print_timings:   sample time =    26.90 ms /     1 runs (    26.90 ms per run)
whisper_print_timings:   encode time =    55.73 ms /     1 runs (    55.73 ms per run)
whisper_print_timings:   decode time =    60.22 ms /    24 runs (     2.51 ms per run)
whisper_print_timings:   batchd time =     2.77 ms /     2 runs (     1.39 ms per run)
whisper_print_timings:   prompt time =     0.00 ms /     1 runs (     0.00 ms per run)
whisper_print_timings:    total time =   159.47 ms
BENCH_END	measure	5
ggml_metal_free: deallocating
