BENCH_ENCODE	warmup	0	75.510002
BENCH_ENCODE	warmup	1	74.971001
BENCH_ENCODE	measure	2	68.702003
BENCH_ENCODE	measure	3	69.347000
BENCH_ENCODE	measure	4	73.349007
BENCH_ENCODE	measure	5	72.933006
BENCH_ENCODE	measure	6	70.203003

whisper_init_from_file_with_params_no_state: loading model from '/Users/yeren/ane/whisper/models/ggml-base.bin'
whisper_init_with_params_no_state: use gpu    = 0
whisper_init_with_params_no_state: flash attn = 1
whisper_init_with_params_no_state: gpu_device = 0
whisper_init_with_params_no_state: dtw        = 0
whisper_init_with_params_no_state: devices    = 2
whisper_init_with_params_no_state: backends   = 2
whisper_model_load: loading model
whisper_model_load: n_vocab       = 51865
whisper_model_load: n_audio_ctx   = 1500
whisper_model_load: n_audio_state = 512
whisper_model_load: n_audio_head  = 8
whisper_model_load: n_audio_layer = 6
whisper_model_load: n_text_ctx    = 448
whisper_model_load: n_text_state  = 512
whisper_model_load: n_text_head   = 8
whisper_model_load: n_text_layer  = 6
whisper_model_load: n_mels        = 80
whisper_model_load: ftype         = 1
whisper_model_load: qntvr         = 0
whisper_model_load: type          = 2 (base)
whisper_model_load: adding 1608 extra tokens
whisper_model_load: n_langs       = 99
whisper_model_load:          CPU total size =   147.37 MB
whisper_model_load: model size    =  147.37 MB
whisper_backend_init_gpu: no GPU found
whisper_backend_init: using BLAS backend
whisper_init_state: kv self size  =    6.29 MB
whisper_init_state: kv cross size =   18.87 MB
whisper_init_state: kv pad  size  =    3.15 MB
whisper_init_state: loading ANEForge encoder from '/Users/yeren/ane/whisper/build/pr3905-bundles/base'
whisper_init_state: compiling for the ANE (one time) ...
aneforge: encoder ready (mel=t1 pos=t0 out=t2727)
whisper_init_state: ANEForge encoder loaded
whisper_init_state: compute buffer (conv)   =    5.62 MB
whisper_init_state: compute buffer (cross)  =    4.66 MB
whisper_init_state: compute buffer (decode) =   96.37 MB
