CMake Deprecation Warning at CMakeLists.txt:1 (cmake_minimum_required):
  Compatibility with CMake < 3.10 will be removed from a future version of
  CMake.

  Update the VERSION argument <min> value.  Or, use the <min>...<max> syntax
  to tell CMake that the project requires at least <min> but has been updated
  to work with policies introduced by <max> or earlier.


-- whisper.cpp version: 1.9.4-dev
-- Warning: ccache not found - consider installing it for faster compilation or disable this warning with GGML_CCACHE=OFF
-- CMAKE_SYSTEM_PROCESSOR: arm64
-- GGML_SYSTEM_ARCH: ARM
-- Could NOT find OpenMP_C (missing: OpenMP_C_FLAGS OpenMP_C_LIB_NAMES) 
-- Could NOT find OpenMP_CXX (missing: OpenMP_CXX_FLAGS OpenMP_CXX_LIB_NAMES) 
-- Could NOT find OpenMP (missing: OpenMP_C_FOUND OpenMP_CXX_FOUND) 
CMake Warning at ggml/src/CMakeLists.txt:347 (message):
  OpenMP not found


-- Including CPU backend
-- ARM detected
CMake Warning at ggml/src/ggml-cpu/CMakeLists.txt:140 (message):
  ARM -march/-mcpu not found, -mcpu=native will be used
Call Stack (most recent call first):
  ggml/src/CMakeLists.txt:586 (ggml_add_cpu_backend_variant_impl)


-- Checking for ARM features using flags:
--   -U__ARM_FEATURE_MATMUL_INT8
--   -U__ARM_FEATURE_SVE
--   -U__ARM_FEATURE_SME
--   -mcpu=native+dotprod+noi8mm+nosve+nosme
-- Adding CPU backend variant ggml-cpu: -U__ARM_FEATURE_MATMUL_INT8;-U__ARM_FEATURE_SVE;-U__ARM_FEATURE_SME;-mcpu=native+dotprod+noi8mm+nosve+nosme 
-- Looking for sgemm_
-- Looking for sgemm_ - found
-- Found BLAS: /opt/homebrew/opt/openblas/lib/libopenblas.dylib
-- BLAS found, Libraries: /opt/homebrew/opt/openblas/lib/libopenblas.dylib
-- BLAS found, Includes: /opt/homebrew/opt/openblas/include
-- Including BLAS backend
-- ggml version: 0.25.1
-- ggml commit:  60c0be6
-- Configuring done (1.0s)
-- Generating done (0.2s)
-- Build files have been written to: /Users/yeren/ane/whisper/build/pr3905-openblas-cpu
