

system_info: n_threads = 4 / 8 | WHISPER : VITISAI = 0 | COREML = 0 | OPENVINO = 0 | CPU : NEON = 1 | ARM_FMA = 1 | FP16_VA = 1 | DOTPROD = 1 | REPACK = 1 | 
whisper_init_from_file_with_params_no_state: loading model from '/Users/yeren/ane/whisper/models/ggml-small.bin'
whisper_init_with_params_no_state: use gpu    = 0
whisper_init_with_params_no_state: flash attn = 1
whisper_init_with_params_no_state: gpu_device = 0
whisper_init_with_params_no_state: dtw        = 0
whisper_init_with_params_no_state: devices    = 2
whisper_init_with_params_no_state: backends   = 2
whisper_model_load: loading model
whisper_model_load: n_vocab       = 51865
whisper_model_load: n_audio_ctx   = 1500
whisper_model_load: n_audio_state = 768
whisper_model_load: n_audio_head  = 12
whisper_model_load: n_audio_layer = 12
whisper_model_load: n_text_ctx    = 448
whisper_model_load: n_text_state  = 768
whisper_model_load: n_text_head   = 12
whisper_model_load: n_text_layer  = 12
whisper_model_load: n_mels        = 80
whisper_model_load: ftype         = 1
whisper_model_load: qntvr         = 0
whisper_model_load: type          = 3 (small)
whisper_model_load: adding 1608 extra tokens
whisper_model_load: n_langs       = 99
whisper_model_load:          CPU total size =   487.01 MB
whisper_model_load: model size    =  487.01 MB
whisper_backend_init_gpu: no GPU found
whisper_backend_init: using BLAS backend
whisper_init_state: kv self size  =   18.87 MB
whisper_init_state: kv cross size =   56.62 MB
whisper_init_state: kv pad  size  =    4.72 MB
whisper_init_state: loading ANEForge encoder from '/Users/yeren/ane/whisper/build/pr3905-bundles/small'
whisper_init_state: compiling for the ANE (one time) ...
aneforge: encoder ready (mel=t1 pos=t0 out=t8079)
whisper_init_state: ANEForge encoder loaded
whisper_init_state: compute buffer (conv)   =    7.16 MB
whisper_init_state: compute buffer (cross)  =    6.20 MB
whisper_init_state: compute buffer (decode) =   97.28 MB

whisper_print_timings:     load time =  1530.10 ms
whisper_print_timings:     fallbacks =   0 p /   0 h
whisper_print_timings:      mel time =     0.00 ms
whisper_print_timings:   sample time =     0.00 ms /     1 runs (     0.00 ms per run)
whisper_print_timings:   encode time =   161.44 ms /     1 runs (   161.44 ms per run)
whisper_print_timings:   decode time =  3550.38 ms /   256 runs (    13.87 ms per run)
whisper_print_timings:   batchd time =  1798.64 ms /   320 runs (     5.62 ms per run)
whisper_print_timings:   prompt time =  5225.26 ms /  4096 runs (     1.28 ms per run)
whisper_print_timings:    total time = 10736.56 ms

If you wish, you can submit these results here:

  https://github.com/ggml-org/whisper.cpp/issues/89

Please include the following information:

  - CPU model
  - Operating system
  - Compiler

