

ggml_metal_device_init: tensor API disabled for pre-M5 and pre-A19 devices
ggml_metal_library_init: using embedded metal library
ggml_metal_library_compile_all: compiled 'fa' library in 0.013 sec
ggml_metal_library_compile_all: compiled 'mul_mv' library in 0.014 sec
ggml_metal_library_compile_all: compiled 'mul_mm' library in 0.016 sec
ggml_metal_library_compile_all: compiled 'quantize' library in 0.002 sec
ggml_metal_library_compile_all: compiled 'softmax' library in 0.001 sec
ggml_metal_library_compile_all: compiled 'norm' library in 0.001 sec
ggml_metal_library_compile_all: compiled 'unary' library in 0.001 sec
ggml_metal_library_compile_all: compiled 'binbcast' library in 0.014 sec
ggml_metal_library_compile_all: compiled 'reduce' library in 0.015 sec
ggml_metal_library_compile_all: compiled 'tri' library in 0.015 sec
ggml_metal_library_compile_all: compiled 'ssm' library in 0.013 sec
ggml_metal_library_compile_all: compiled 'wkv' library in 0.013 sec
ggml_metal_library_compile_all: compiled 'gated_delta_net' library in 0.013 sec
ggml_metal_library_compile_all: compiled 'solve_tri' library in 0.013 sec
ggml_metal_library_compile_all: compiled 'rope' library in 0.013 sec
ggml_metal_library_compile_all: compiled 'conv' library in 0.013 sec
ggml_metal_library_compile_all: compiled 'upscale' library in 0.015 sec
ggml_metal_library_compile_all: compiled 'argsort' library in 0.015 sec
ggml_metal_library_compile_all: compiled 'pool' library in 0.012 sec
ggml_metal_library_compile_all: compiled 'misc' library in 0.012 sec
ggml_metal_library_compile_all: loaded 20 libraries from embedded data in 0.016 sec (max single = 0.016 sec)
ggml_metal_rsets_init: creating a residency set collection (keep_alive = 180 s)
ggml_metal_device_init: GPU name:   MTL0 (Apple M1)
ggml_metal_device_init: GPU family: MTLGPUFamilyApple7  (1007)
ggml_metal_device_init: GPU family: MTLGPUFamilyMetal4  (5002)
ggml_metal_device_init: simdgroup reduction   = true
ggml_metal_device_init: simdgroup matrix mul. = true
ggml_metal_device_init: has unified memory    = true
ggml_metal_device_init: has bfloat            = true
ggml_metal_device_init: has tensor            = false
ggml_metal_device_init: use residency sets    = true
ggml_metal_device_init: use shared buffers    = true
ggml_metal_device_init: recommendedMaxWorkingSetSize  =  5726.63 MB
system_info: n_threads = 4 / 8 | WHISPER : VITISAI = 0 | COREML = 0 | OPENVINO = 0 | MTL : EMBED_LIBRARY = 1 | CPU : NEON = 1 | ARM_FMA = 1 | FP16_VA = 1 | DOTPROD = 1 | ACCELERATE = 1 | REPACK = 1 | 
whisper_init_from_file_with_params_no_state: loading model from '/Users/yeren/ane/whisper/models/ggml-small.bin'
whisper_init_with_params_no_state: use gpu    = 1
whisper_init_with_params_no_state: flash attn = 1
whisper_init_with_params_no_state: gpu_device = 0
whisper_init_with_params_no_state: dtw        = 0
whisper_init_with_params_no_state: devices    = 3
whisper_init_with_params_no_state: backends   = 3
whisper_model_load: loading model
whisper_model_load: n_vocab       = 51865
whisper_model_load: n_audio_ctx   = 1500
whisper_model_load: n_audio_state = 768
whisper_model_load: n_audio_head  = 12
whisper_model_load: n_audio_layer = 12
whisper_model_load: n_text_ctx    = 448
whisper_model_load: n_text_state  = 768
whisper_model_load: n_text_head   = 12
whisper_model_load: n_text_layer  = 12
whisper_model_load: n_mels        = 80
whisper_model_load: ftype         = 1
whisper_model_load: qntvr         = 0
whisper_model_load: type          = 3 (small)
whisper_model_load: adding 1608 extra tokens
whisper_model_load: n_langs       = 99
whisper_model_load:         MTL0 total size =   487.01 MB
whisper_model_load: model size    =  487.01 MB
whisper_backend_init_gpu: device 0: MTL0 (type: 1)
whisper_backend_init_gpu: found GPU device 0: MTL0 (type: 1, cnt: 0)
whisper_backend_init_gpu: using MTL0 backend
ggml_metal_init: allocating
ggml_metal_init: found device: Apple M1
ggml_metal_init: picking default device: Apple M1
ggml_metal_init: use fusion         = true
ggml_metal_init: use concurrency    = true
ggml_metal_init: use graph optimize = true
whisper_backend_init: using BLAS backend
whisper_init_state: kv self size  =   18.87 MB
whisper_init_state: kv cross size =   56.62 MB
whisper_init_state: kv pad  size  =    4.72 MB
whisper_init_state: loading ANEForge encoder from '/Users/yeren/ane/whisper/build/pr3905-bundles/small'
whisper_init_state: compiling for the ANE (one time) ...
aneforge: encoder ready (mel=t1 pos=t0 out=t8079)
whisper_init_state: ANEForge encoder loaded
whisper_init_state: compute buffer (conv)   =    7.16 MB
whisper_init_state: compute buffer (cross)  =   84.53 MB
whisper_init_state: compute buffer (decode) =   96.83 MB

whisper_print_timings:     load time =  1425.12 ms
whisper_print_timings:     fallbacks =   0 p /   0 h
whisper_print_timings:      mel time =     0.00 ms
whisper_print_timings:   sample time =     0.00 ms /     1 runs (     0.00 ms per run)
whisper_print_timings:   encode time =   144.94 ms /     1 runs (   144.94 ms per run)
whisper_print_timings:   decode time =  2498.23 ms /   256 runs (     9.76 ms per run)
whisper_print_timings:   batchd time =   750.49 ms /   320 runs (     2.35 ms per run)
whisper_print_timings:   prompt time =  1069.86 ms /  4096 runs (     0.26 ms per run)
whisper_print_timings:    total time =  4464.66 ms
ggml_metal_free: deallocating

If you wish, you can submit these results here:

  https://github.com/ggml-org/whisper.cpp/issues/89

Please include the following information:

  - CPU model
  - Operating system
  - Compiler

