

system_info: n_threads = 4 / 8 | WHISPER : VITISAI = 0 | COREML = 0 | OPENVINO = 0 | CPU : NEON = 1 | ARM_FMA = 1 | FP16_VA = 1 | DOTPROD = 1 | REPACK = 1 | 
whisper_init_from_file_with_params_no_state: loading model from '/Users/yeren/ane/whisper/models/ggml-tiny.bin'
whisper_init_with_params_no_state: use gpu    = 0
whisper_init_with_params_no_state: flash attn = 1
whisper_init_with_params_no_state: gpu_device = 0
whisper_init_with_params_no_state: dtw        = 0
whisper_init_with_params_no_state: devices    = 2
whisper_init_with_params_no_state: backends   = 2
whisper_model_load: loading model
whisper_model_load: n_vocab       = 51865
whisper_model_load: n_audio_ctx   = 1500
whisper_model_load: n_audio_state = 384
whisper_model_load: n_audio_head  = 6
whisper_model_load: n_audio_layer = 4
whisper_model_load: n_text_ctx    = 448
whisper_model_load: n_text_state  = 384
whisper_model_load: n_text_head   = 6
whisper_model_load: n_text_layer  = 4
whisper_model_load: n_mels        = 80
whisper_model_load: ftype         = 1
whisper_model_load: qntvr         = 0
whisper_model_load: type          = 1 (tiny)
whisper_model_load: adding 1608 extra tokens
whisper_model_load: n_langs       = 99
whisper_model_load:          CPU total size =    77.11 MB
whisper_model_load: model size    =   77.11 MB
whisper_backend_init_gpu: no GPU found
whisper_backend_init: using BLAS backend
whisper_init_state: kv self size  =    3.15 MB
whisper_init_state: kv cross size =    9.44 MB
whisper_init_state: kv pad  size  =    2.36 MB
whisper_init_state: loading ANEForge encoder from '/Users/yeren/ane/whisper/build/pr3905-bundles/tiny'
whisper_init_state: compiling for the ANE (one time) ...
aneforge: encoder ready (mel=t1 pos=t0 out=t1383)
whisper_init_state: ANEForge encoder loaded
whisper_init_state: compute buffer (conv)   =    4.85 MB
whisper_init_state: compute buffer (cross)  =    3.89 MB
whisper_init_state: compute buffer (decode) =   95.91 MB

whisper_print_timings:     load time =    41.82 ms
whisper_print_timings:     fallbacks =   0 p /   0 h
whisper_print_timings:      mel time =     0.00 ms
whisper_print_timings:   sample time =     0.00 ms /     1 runs (     0.00 ms per run)
whisper_print_timings:   encode time =    32.39 ms /     1 runs (    32.39 ms per run)
whisper_print_timings:   decode time =   539.07 ms /   256 runs (     2.11 ms per run)
whisper_print_timings:   batchd time =   293.37 ms /   320 runs (     0.92 ms per run)
whisper_print_timings:   prompt time =  1917.28 ms /  4096 runs (     0.47 ms per run)
whisper_print_timings:    total time =  2782.79 ms

If you wish, you can submit these results here:

  https://github.com/ggml-org/whisper.cpp/issues/89

Please include the following information:

  - CPU model
  - Operating system
  - Compiler

