
ggml_metal_device_init: tensor API disabled for pre-M5 and pre-A19 devices
ggml_metal_library_init: using embedded metal library
ggml_metal_library_compile_all: compiled 'fa' library in 0.096 sec
ggml_metal_library_compile_all: compiled 'mul_mv' library in 0.016 sec
ggml_metal_library_compile_all: compiled 'mul_mm' library in 0.025 sec
ggml_metal_library_compile_all: compiled 'quantize' library in 0.028 sec
ggml_metal_library_compile_all: compiled 'softmax' library in 0.008 sec
ggml_metal_library_compile_all: compiled 'norm' library in 0.029 sec
ggml_metal_library_compile_all: compiled 'unary' library in 0.101 sec
ggml_metal_library_compile_all: compiled 'binbcast' library in 0.006 sec
ggml_metal_library_compile_all: compiled 'reduce' library in 0.007 sec
ggml_metal_library_compile_all: compiled 'tri' library in 0.097 sec
ggml_metal_library_compile_all: compiled 'ssm' library in 0.100 sec
ggml_metal_library_compile_all: compiled 'wkv' library in 0.101 sec
ggml_metal_library_compile_all: compiled 'gated_delta_net' library in 0.101 sec
ggml_metal_library_compile_all: compiled 'solve_tri' library in 0.008 sec
ggml_metal_library_compile_all: compiled 'rope' library in 0.096 sec
ggml_metal_library_compile_all: compiled 'conv' library in 0.098 sec
ggml_metal_library_compile_all: compiled 'upscale' library in 0.100 sec
ggml_metal_library_compile_all: compiled 'argsort' library in 0.006 sec
ggml_metal_library_compile_all: compiled 'pool' library in 0.005 sec
ggml_metal_library_compile_all: compiled 'misc' library in 0.099 sec
ggml_metal_library_compile_all: loaded 20 libraries from embedded data in 0.101 sec (max single = 0.101 sec)
ggml_metal_rsets_init: creating a residency set collection (keep_alive = 180 s)
ggml_metal_device_init: GPU name:   MTL0 (Apple M1)
ggml_metal_device_init: GPU family: MTLGPUFamilyApple7  (1007)
ggml_metal_device_init: GPU family: MTLGPUFamilyMetal4  (5002)
ggml_metal_device_init: simdgroup reduction   = true
ggml_metal_device_init: simdgroup matrix mul. = true
ggml_metal_device_init: has unified memory    = true
ggml_metal_device_init: has bfloat            = true
ggml_metal_device_init: has tensor            = false
ggml_metal_device_init: use residency sets    = true
ggml_metal_device_init: use shared buffers    = true
ggml_metal_device_init: recommendedMaxWorkingSetSize  =  5726.63 MB
system_info: n_threads = 4 / 8 | WHISPER : VITISAI = 0 | COREML = 0 | OPENVINO = 0 | MTL : EMBED_LIBRARY = 1 | CPU : NEON = 1 | ARM_FMA = 1 | FP16_VA = 1 | DOTPROD = 1 | ACCELERATE = 1 | REPACK = 1 | 
whisper_init_from_file_with_params_no_state: loading model from 'whisper/models/ggml-tiny.en.bin'
whisper_init_with_params_no_state: use gpu    = 1
whisper_init_with_params_no_state: flash attn = 1
whisper_init_with_params_no_state: gpu_device = 0
whisper_init_with_params_no_state: dtw        = 0
whisper_init_with_params_no_state: devices    = 3
whisper_init_with_params_no_state: backends   = 3
whisper_model_load: loading model
whisper_model_load: n_vocab       = 51864
whisper_model_load: n_audio_ctx   = 1500
whisper_model_load: n_audio_state = 384
whisper_model_load: n_audio_head  = 6
whisper_model_load: n_audio_layer = 4
whisper_model_load: n_text_ctx    = 448
whisper_model_load: n_text_state  = 384
whisper_model_load: n_text_head   = 6
whisper_model_load: n_text_layer  = 4
whisper_model_load: n_mels        = 80
whisper_model_load: ftype         = 1
whisper_model_load: qntvr         = 0
whisper_model_load: type          = 1 (tiny)
whisper_model_load: adding 1607 extra tokens
whisper_model_load: n_langs       = 99
whisper_model_load:         MTL0 total size =    77.11 MB
whisper_model_load: model size    =   77.11 MB
whisper_backend_init_gpu: device 0: MTL0 (type: 1)
whisper_backend_init_gpu: found GPU device 0: MTL0 (type: 1, cnt: 0)
whisper_backend_init_gpu: using MTL0 backend
ggml_metal_init: allocating
ggml_metal_init: found device: Apple M1
ggml_metal_init: picking default device: Apple M1
ggml_metal_init: use fusion         = true
ggml_metal_init: use concurrency    = true
ggml_metal_init: use graph optimize = true
whisper_backend_init: using BLAS backend
whisper_init_state: kv self size  =    3.15 MB
whisper_init_state: kv cross size =    9.44 MB
whisper_init_state: kv pad  size  =    2.36 MB
whisper_init_state: compute buffer (conv)   =   14.17 MB
whisper_init_state: compute buffer (encode) =   19.99 MB
whisper_init_state: compute buffer (cross)  =   20.02 MB
whisper_init_state: compute buffer (decode) =   96.14 MB

whisper_print_timings:     load time =   110.72 ms
whisper_print_timings:     fallbacks =   0 p /   0 h
whisper_print_timings:      mel time =     0.00 ms
whisper_print_timings:   sample time =     0.00 ms /     1 runs (     0.00 ms per run)
whisper_print_timings:   encode time =    50.22 ms /     1 runs (    50.22 ms per run)
whisper_print_timings:   decode time =   558.02 ms /   256 runs (     2.18 ms per run)
whisper_print_timings:   batchd time =   169.54 ms /   320 runs (     0.53 ms per run)
whisper_print_timings:   prompt time =   235.25 ms /  4096 runs (     0.06 ms per run)
whisper_print_timings:    total time =  1013.49 ms
ggml_metal_free: deallocating

If you wish, you can submit these results here:

  https://github.com/ggml-org/whisper.cpp/issues/89

Please include the following information:

  - CPU model
  - Operating system
  - Compiler

